Archive member included to satisfy reference by file (symbol)

c:/st/stm32cubeide_1.12.1/stm32cubeide/plugins/com.st.stm32cube.ide.mcu.externaltools.gnu-tools-for-stm32.10.3-2021.10.win32_1.0.200.202301161003/tools/bin/../lib/gcc/arm-none-eabi/10.3.1/../../../../arm-none-eabi/lib/thumb/v7e-m+fp/hard\libc_nano.a(lib_a-errno.o)
                              ./Core/Src/syscalls.o (__errno)
c:/st/stm32cubeide_1.12.1/stm32cubeide/plugins/com.st.stm32cube.ide.mcu.externaltools.gnu-tools-for-stm32.10.3-2021.10.win32_1.0.200.202301161003/tools/bin/../lib/gcc/arm-none-eabi/10.3.1/../../../../arm-none-eabi/lib/thumb/v7e-m+fp/hard\libc_nano.a(lib_a-exit.o)
                              c:/st/stm32cubeide_1.12.1/stm32cubeide/plugins/com.st.stm32cube.ide.mcu.externaltools.gnu-tools-for-stm32.10.3-2021.10.win32_1.0.200.202301161003/tools/bin/../lib/gcc/arm-none-eabi/10.3.1/../../../../arm-none-eabi/lib/thumb/v7e-m+fp/hard/crt0.o (exit)
c:/st/stm32cubeide_1.12.1/stm32cubeide/plugins/com.st.stm32cube.ide.mcu.externaltools.gnu-tools-for-stm32.10.3-2021.10.win32_1.0.200.202301161003/tools/bin/../lib/gcc/arm-none-eabi/10.3.1/../../../../arm-none-eabi/lib/thumb/v7e-m+fp/hard\libc_nano.a(lib_a-impure.o)
                              c:/st/stm32cubeide_1.12.1/stm32cubeide/plugins/com.st.stm32cube.ide.mcu.externaltools.gnu-tools-for-stm32.10.3-2021.10.win32_1.0.200.202301161003/tools/bin/../lib/gcc/arm-none-eabi/10.3.1/../../../../arm-none-eabi/lib/thumb/v7e-m+fp/hard\libc_nano.a(lib_a-exit.o) (_global_impure_ptr)
c:/st/stm32cubeide_1.12.1/stm32cubeide/plugins/com.st.stm32cube.ide.mcu.externaltools.gnu-tools-for-stm32.10.3-2021.10.win32_1.0.200.202301161003/tools/bin/../lib/gcc/arm-none-eabi/10.3.1/../../../../arm-none-eabi/lib/thumb/v7e-m+fp/hard\libc_nano.a(lib_a-init.o)
                              c:/st/stm32cubeide_1.12.1/stm32cubeide/plugins/com.st.stm32cube.ide.mcu.externaltools.gnu-tools-for-stm32.10.3-2021.10.win32_1.0.200.202301161003/tools/bin/../lib/gcc/arm-none-eabi/10.3.1/../../../../arm-none-eabi/lib/thumb/v7e-m+fp/hard/crt0.o (__libc_init_array)
c:/st/stm32cubeide_1.12.1/stm32cubeide/plugins/com.st.stm32cube.ide.mcu.externaltools.gnu-tools-for-stm32.10.3-2021.10.win32_1.0.200.202301161003/tools/bin/../lib/gcc/arm-none-eabi/10.3.1/../../../../arm-none-eabi/lib/thumb/v7e-m+fp/hard\libc_nano.a(lib_a-memset.o)
                              c:/st/stm32cubeide_1.12.1/stm32cubeide/plugins/com.st.stm32cube.ide.mcu.externaltools.gnu-tools-for-stm32.10.3-2021.10.win32_1.0.200.202301161003/tools/bin/../lib/gcc/arm-none-eabi/10.3.1/../../../../arm-none-eabi/lib/thumb/v7e-m+fp/hard/crt0.o (memset)
c:/st/stm32cubeide_1.12.1/stm32cubeide/plugins/com.st.stm32cube.ide.mcu.externaltools.gnu-tools-for-stm32.10.3-2021.10.win32_1.0.200.202301161003/tools/bin/../lib/gcc/arm-none-eabi/10.3.1/../../../../arm-none-eabi/lib/thumb/v7e-m+fp/hard\libm.a(lib_a-w_pow.o)
                              ./Core/Src/support.o (pow)
c:/st/stm32cubeide_1.12.1/stm32cubeide/plugins/com.st.stm32cube.ide.mcu.externaltools.gnu-tools-for-stm32.10.3-2021.10.win32_1.0.200.202301161003/tools/bin/../lib/gcc/arm-none-eabi/10.3.1/../../../../arm-none-eabi/lib/thumb/v7e-m+fp/hard\libm.a(lib_a-e_pow.o)
                              c:/st/stm32cubeide_1.12.1/stm32cubeide/plugins/com.st.stm32cube.ide.mcu.externaltools.gnu-tools-for-stm32.10.3-2021.10.win32_1.0.200.202301161003/tools/bin/../lib/gcc/arm-none-eabi/10.3.1/../../../../arm-none-eabi/lib/thumb/v7e-m+fp/hard\libm.a(lib_a-w_pow.o) (__ieee754_pow)
c:/st/stm32cubeide_1.12.1/stm32cubeide/plugins/com.st.stm32cube.ide.mcu.externaltools.gnu-tools-for-stm32.10.3-2021.10.win32_1.0.200.202301161003/tools/bin/../lib/gcc/arm-none-eabi/10.3.1/../../../../arm-none-eabi/lib/thumb/v7e-m+fp/hard\libm.a(lib_a-e_sqrt.o)
                              c:/st/stm32cubeide_1.12.1/stm32cubeide/plugins/com.st.stm32cube.ide.mcu.externaltools.gnu-tools-for-stm32.10.3-2021.10.win32_1.0.200.202301161003/tools/bin/../lib/gcc/arm-none-eabi/10.3.1/../../../../arm-none-eabi/lib/thumb/v7e-m+fp/hard\libm.a(lib_a-e_pow.o) (__ieee754_sqrt)
c:/st/stm32cubeide_1.12.1/stm32cubeide/plugins/com.st.stm32cube.ide.mcu.externaltools.gnu-tools-for-stm32.10.3-2021.10.win32_1.0.200.202301161003/tools/bin/../lib/gcc/arm-none-eabi/10.3.1/../../../../arm-none-eabi/lib/thumb/v7e-m+fp/hard\libm.a(lib_a-math_err.o)
                              c:/st/stm32cubeide_1.12.1/stm32cubeide/plugins/com.st.stm32cube.ide.mcu.externaltools.gnu-tools-for-stm32.10.3-2021.10.win32_1.0.200.202301161003/tools/bin/../lib/gcc/arm-none-eabi/10.3.1/../../../../arm-none-eabi/lib/thumb/v7e-m+fp/hard\libm.a(lib_a-e_pow.o) (__math_uflow)
c:/st/stm32cubeide_1.12.1/stm32cubeide/plugins/com.st.stm32cube.ide.mcu.externaltools.gnu-tools-for-stm32.10.3-2021.10.win32_1.0.200.202301161003/tools/bin/../lib/gcc/arm-none-eabi/10.3.1/../../../../arm-none-eabi/lib/thumb/v7e-m+fp/hard\libm.a(lib_a-s_fabs.o)
[...]
Memory Configuration

Name             Origin             Length             Attributes
RAM              0x0000000020000000 0x0000000000010000 xrw
FLASH            0x0000000008000000 0x0000000000040000 xr
*default*        0x0000000000000000 0xffffffffffffffff

Linker script and memory map

LOAD c:/st/stm32cubeide_1.12.1/stm32cubeide/plugins/com.st.stm32cube.ide.mcu.externaltools.gnu-tools-for-stm32.10.3-2021.10.win32_1.0.200.202301161003/tools/bin/../lib/gcc/arm-none-eabi/10.3.1/thumb/v7e-m+fp/hard/crti.o
LOAD c:/st/stm32cubeide_1.12.1/stm32cubeide/plugins/com.st.stm32cube.ide.mcu.externaltools.gnu-tools-for-stm32.10.3-2021.10.win32_1.0.200.202301161003/tools/bin/../lib/gcc/arm-none-eabi/10.3.1/thumb/v7e-m+fp/hard/crtbegin.o
LOAD c:/st/stm32cubeide_1.12.1/stm32cubeide/plugins/com.st.stm32cube.ide.mcu.externaltools.gnu-tools-for-stm32.10.3-2021.10.win32_1.0.200.202301161003/tools/bin/../lib/gcc/arm-none-eabi/10.3.1/../../../../arm-none-eabi/lib/thumb/v7e-m+fp/hard/crt0.o
LOAD ./Core/Src/ESP8266.o
LOAD ./Core/Src/SDFlash.o
LOAD ./Core/Src/fonts.o
LOAD ./Core/Src/main.o
LOAD ./Core/Src/st7735.o
LOAD ./Core/Src/stm32f4xx_hal_msp.o
LOAD ./Core/Src/stm32f4xx_it.o
LOAD ./Core/Src/support.o
LOAD ./Core/Src/syscalls.o
LOAD ./Core/Src/sysmem.o
LOAD ./Core/Src/system_stm32f4xx.o
LOAD ./Core/Startup/startup_stm32f401vctx.o
LOAD ./Drivers/STM32F4xx_HAL_Driver/Src/stm32f4xx_hal.o
LOAD ./Drivers/STM32F4xx_HAL_Driver/Src/stm32f4xx_hal_cortex.o
LOAD ./Drivers/STM32F4xx_HAL_Driver/Src/stm32f4xx_hal_dma.o
LOAD ./Drivers/STM32F4xx_HAL_Driver/Src/stm32f4xx_hal_dma_ex.o
LOAD ./Drivers/STM32F4xx_HAL_Driver/Src/stm32f4xx_hal_exti.o
LOAD ./Drivers/STM32F4xx_HAL_Driver/Src/stm32f4xx_hal_flash.o
LOAD ./Drivers/STM32F4xx_HAL_Driver/Src/stm32f4xx_hal_flash_ex.o
LOAD ./Drivers/STM32F4xx_HAL_Driver/Src/stm32f4xx_hal_flash_ramfunc.o
LOAD ./Drivers/STM32F4xx_HAL_Driver/Src/stm32f4xx_hal_gpio.o
LOAD ./Drivers/STM32F4xx_HAL_Driver/Src/stm32f4xx_hal_pwr.o
LOAD ./Drivers/STM32F4xx_HAL_Driver/Src/stm32f4xx_hal_pwr_ex.o
LOAD ./Drivers/STM32F4xx_HAL_Driver/Src/stm32f4xx_hal_rcc.o
LOAD ./Drivers/STM32F4xx_HAL_Driver/Src/stm32f4xx_hal_rcc_ex.o
LOAD ./Drivers/STM32F4xx_HAL_Driver/Src/stm32f4xx_hal_spi.o
LOAD ./Drivers/STM32F4xx_HAL_Driver/Src/stm32f4xx_hal_tim.o
LOAD ./Drivers/STM32F4xx_HAL_Driver/Src/stm32f4xx_hal_tim_ex.o
START GROUP
LOAD c:/st/stm32cubeide_1.12.1/stm32cubeide/plugins/com.st.stm32cube.ide.mcu.externaltools.gnu-tools-for-stm32.10.3-2021.10.win32_1.0.200.202301161003/tools/bin/../lib/gcc/arm-none-eabi/10.3.1/../../../../arm-none-eabi/lib/thumb/v7e-m+fp/hard\libc_nano.a
LOAD c:/st/stm32cubeide_1.12.1/stm32cubeide/plugins/com.st.stm32cube.ide.mcu.externaltools.gnu-tools-for-stm32.10.3-2021.10.win32_1.0.200.202301161003/tools/bin/../lib/gcc/arm-none-eabi/10.3.1/../../../../arm-none-eabi/lib/thumb/v7e-m+fp/hard\libm.a
END GROUP
START GROUP
LOAD c:/st/stm32cubeide_1.12.1/stm32cubeide/plugins/com.st.stm32cube.ide.mcu.externaltools.gnu-tools-for-stm32.10.3-2021.10.win32_1.0.200.202301161003/tools/bin/../lib/gcc/arm-none-eabi/10.3.1/thumb/v7e-m+fp/hard\libgcc.a
LOAD c:/st/stm32cubeide_1.12.1/stm32cubeide/plugins/com.st.stm32cube.ide.mcu.externaltools.gnu-tools-for-stm32.10.3-2021.10.win32_1.0.200.202301161003/tools/bin/../lib/gcc/arm-none-eabi/10.3.1/../../../../arm-none-eabi/lib/thumb/v7e-m+fp/hard\libc_nano.a
END GROUP
START GROUP
LOAD c:/st/stm32cubeide_1.12.1/stm32cubeide/plugins/com.st.stm32cube.ide.mcu.externaltools.gnu-tools-for-stm32.10.3-2021.10.win32_1.0.200.202301161003/tools/bin/../lib/gcc/arm-none-eabi/10.3.1/thumb/v7e-m+fp/hard\libgcc.a
LOAD c:/st/stm32cubeide_1.12.1/stm32cubeide/plugins/com.st.stm32cube.ide.mcu.externaltools.gnu-tools-for-stm32.10.3-2021.10.win32_1.0.200.202301161003/tools/bin/../lib/gcc/arm-none-eabi/10.3.1/../../../../arm-none-eabi/lib/thumb/v7e-m+fp/hard\libc_nano.a
LOAD c:/st/stm32cubeide_1.12.1/stm32cubeide/plugins/com.st.stm32cube.ide.mcu.externaltools.gnu-tools-for-stm32.10.3-2021.10.win32_1.0.200.202301161003/tools/bin/../lib/gcc/arm-none-eabi/10.3.1/../../../../arm-none-eabi/lib/thumb/v7e-m+fp/hard\libnosys.a
END GROUP
START GROUP
LOAD c:/st/stm32cubeide_1.12.1/stm32cubeide/plugins/com.st.stm32cube.ide.mcu.externaltools.gnu-tools-for-stm32.10.3-2021.10.win32_1.0.200.202301161003/tools/bin/../lib/gcc/arm-none-eabi/10.3.1/thumb/v7e-m+fp/hard\libgcc.a
LOAD c:/st/stm32cubeide_1.12.1/stm32cubeide/plugins/com.st.stm32cube.ide.mcu.externaltools.gnu-tools-for-stm32.10.3-2021.10.win32_1.0.200.202301161003/tools/bin/../lib/gcc/arm-none-eabi/10.3.1/../../../../arm-none-eabi/lib/thumb/v7e-m+fp/hard\libc_nano.a
LOAD c:/st/stm32cubeide_1.12.1/stm32cubeide/plugins/com.st.stm32cube.ide.mcu.externaltools.gnu-tools-for-stm32.10.3-2021.10.win32_1.0.200.202301161003/tools/bin/../lib/gcc/arm-none-eabi/10.3.1/../../../../arm-none-eabi/lib/thumb/v7e-m+fp/hard\libnosys.a
END GROUP
LOAD c:/st/stm32cubeide_1.12.1/stm32cubeide/plugins/com.st.stm32cube.ide.mcu.externaltools.gnu-tools-for-stm32.10.3-2021.10.win32_1.0.200.202301161003/tools/bin/../lib/gcc/arm-none-eabi/10.3.1/thumb/v7e-m+fp/hard/crtend.o
LOAD c:/st/stm32cubeide_1.12.1/stm32cubeide/plugins/com.st.stm32cube.ide.mcu.externaltools.gnu-tools-for-stm32.10.3-2021.10.win32_1.0.200.202301161003/tools/bin/../lib/gcc/arm-none-eabi/10.3.1/thumb/v7e-m+fp/hard/crtn.o
                0x0000000020010000                _estack = (ORIGIN (RAM) + LENGTH (RAM))
                0x0000000000000400                _Min_Heap_Size = 0x400
                0x0000000000000800                _Min_Stack_Size = 0x800

.isr_vector     0x0000000008000000      0x194
                0x0000000008000000                . = ALIGN (0x4)
 *(.isr_vector)
 .isr_vector    0x0000000008000000      0x194 ./Core/Startup/startup_stm32f401vctx.o
                0x0000000008000000                g_pfnVectors
                0x0000000008000194                . = ALIGN (0x4)

.text           0x0000000008000194     0x24d8
                0x0000000008000194                . = ALIGN (0x4)
 *(.text)
 .text          0x0000000008000194       0x40 c:/st/stm32cubeide_1.12.1/stm32cubeide/plugins/com.st.stm32cube.ide.mcu.externaltools.gnu-tools-for-stm32.10.3-2021.10.win32_1.0.200.202301161003/tools/bin/../lib/gcc/arm-none-eabi/10.3.1/thumb/v7e-m+fp/hard/crtbegin.o
 .text          0x00000000080001d4       0x30 c:/st/stm32cubeide_1.12.1/stm32cubeide/plugins/com.st.stm32cube.ide.mcu.externaltools.gnu-tools-for-stm32.10.3-2021.10.win32_1.0.200.202301161003/tools/bin/../lib/gcc/arm-none-eabi/10.3.1/thumb/v7e-m+fp/hard\libgcc.a(_aeabi_uldivmod.o)
                0x00000000080001d4                __aeabi_uldivmod
 .text          0x0000000008000204      0x2d0 c:/st/stm32cubeide_1.12.1/stm32cubeide/plugins/com.st.stm32cube.ide.mcu.externaltools.gnu-tools-for-stm32.10.3-2021.10.win32_1.0.200.202301161003/tools/bin/../lib/gcc/arm-none-eabi/10.3.1/thumb/v7e-m+fp/hard\libgcc.a(_udivmoddi4.o)
                0x0000000008000204                __udivmoddi4
 .text          0x00000000080004d4        0x4 c:/st/stm32cubeide_1.12.1/stm32cubeide/plugins/com.st.stm32cube.ide.mcu.externaltools.gnu-tools-for-stm32.10.3-2021.10.win32_1.0.200.202301161003/tools/bin/../lib/gcc/arm-none-eabi/10.3.1/thumb/v7e-m+fp/hard\libgcc.a(_dvmd_tls.o)
                0x00000000080004d4                __aeabi_idiv0
                0x00000000080004d4                __aeabi_ldiv0
 *(.text*)
 .text.__NVIC_EnableIRQ
                0x00000000080004d8       0x3c ./Core/Src/ESP8266.o
 .text.__NVIC_SetPriority
                0x0000000008000514       0x54 ./Core/Src/ESP8266.o
 .text.USARTinit
                0x0000000008000568       0xd0 ./Core/Src/ESP8266.o
                0x0000000008000568                USARTinit
 .text.SPI2_Init
                0x0000000008000638       0xc0 ./Core/Src/SDFlash.o
                0x0000000008000638                SPI2_Init
 .text.SPI2_TransferByte
                0x00000000080006f8       0x44 ./Core/Src/SDFlash.o
                0x00000000080006f8                SPI2_TransferByte
 .text.SPI2_LoopbackTest
                0x000000000800073c       0x2c ./Core/Src/SDFlash.o
                0x000000000800073c                SPI2_LoopbackTest
 .text.main     0x0000000008000768       0xb8 ./Core/Src/main.o
                0x0000000008000768                main
 .text.SystemClock_Config
                0x0000000008000820       0xd4 ./Core/Src/main.o
                0x0000000008000820                SystemClock_Config
 .text.MX_SPI1_Init
                0x00000000080008f4       0x70 ./Core/Src/main.o
 .text.MX_GPIO_Init
                0x0000000008000964       0x88 ./Core/Src/main.o
 .text.Error_Handler
                0x00000000080009ec        0xa ./Core/Src/main.o
                0x00000000080009ec                Error_Handler
 *fill*         0x00000000080009f6        0x2 
 .text.ST7735_GPIO_Init
                0x00000000080009f8       0x68 ./Core/Src/st7735.o
 .text.ST7735_Reset
                0x0000000008000a60       0x2c ./Core/Src/st7735.o
 .text.ST7735_WriteCommand
                0x0000000008000a8c       0x34 ./Core/Src/st7735.o
 .text.ST7735_WriteData
                0x0000000008000ac0       0x38 ./Core/Src/st7735.o
 .text.ST7735_ExecuteCommandList
                0x0000000008000af8       0x92 ./Core/Src/st7735.o
 *fill*         0x0000000008000b8a        0x2 
 .text.ST7735_SetAddressWindow
                0x0000000008000b8c       0x90 ./Core/Src/st7735.o
 .text.ST7735_WriteChar
                0x0000000008000c1c       0xee ./Core/Src/st7735.o
 *fill*         0x0000000008000d0a        0x2 
 .text.ST7735_Init
                0x0000000008000d0c       0x88 ./Core/Src/st7735.o
                0x0000000008000d0c                ST7735_Init
 .text.ST7735_DrawString
                0x0000000008000d94       0xdc ./Core/Src/st7735.o
                0x0000000008000d94                ST7735_DrawString
 .text.ST7735_FillRectangle
                0x0000000008000e70      0x124 ./Core/Src/st7735.o
                0x0000000008000e70                ST7735_FillRectangle
 .text.ST7735_FillScreen
                0x0000000008000f94       0x38 ./Core/Src/st7735.o
                0x0000000008000f94                ST7735_FillScreen
 .text.HAL_MspInit
                0x0000000008000fcc       0x50 ./Core/Src/stm32f4xx_hal_msp.o
                0x0000000008000fcc                HAL_MspInit
 .text.HAL_SPI_MspInit
                0x000000000800101c       0x90 ./Core/Src/stm32f4xx_hal_msp.o
                0x000000000800101c                HAL_SPI_MspInit
 .text.USART2_IRQHandler
                0x00000000080010ac       0x68 ./Core/Src/stm32f4xx_it.o
                0x00000000080010ac                USART2_IRQHandler
 .text.NMI_Handler
                0x0000000008001114        0x6 ./Core/Src/stm32f4xx_it.o
                0x0000000008001114                NMI_Handler
 .text.HardFault_Handler
                0x000000000800111a        0x6 ./Core/Src/stm32f4xx_it.o
                0x000000000800111a                HardFault_Handler
 .text.MemManage_Handler
                0x0000000008001120        0x6 ./Core/Src/stm32f4xx_it.o
                0x0000000008001120                MemManage_Handler
 .text.BusFault_Handler
                0x0000000008001126        0x6 ./Core/Src/stm32f4xx_it.o
                0x0000000008001126                BusFault_Handler
 .text.UsageFault_Handler
                0x000000000800112c        0x6 ./Core/Src/stm32f4xx_it.o
                0x000000000800112c                UsageFault_Handler
 .text.SVC_Handler
                0x0000000008001132        0xe ./Core/Src/stm32f4xx_it.o
                0x0000000008001132                SVC_Handler
 .text.DebugMon_Handler
                0x0000000008001140        0xe ./Core/Src/stm32f4xx_it.o
                0x0000000008001140                DebugMon_Handler
 .text.PendSV_Handler
                0x000000000800114e        0xe ./Core/Src/stm32f4xx_it.o
                0x000000000800114e                PendSV_Handler
 .text.SysTick_Handler
                0x000000000800115c        0xc ./Core/Src/stm32f4xx_it.o
                0x000000000800115c                SysTick_Handler
 .text.SystemInit
                0x0000000008001168       0x24 ./Core/Src/system_stm32f4xx.o
                0x0000000008001168                SystemInit
 .text.Reset_Handler
                0x000000000800118c       0x50 ./Core/Startup/startup_stm32f401vctx.o
                0x000000000800118c                Reset_Handler
 .text.Default_Handler
                0x00000000080011dc        0x2 ./Core/Startup/startup_stm32f401vctx.o
                0x00000000080011dc                RTC_Alarm_IRQHandler
                0x00000000080011dc                EXTI2_IRQHandler
                0x00000000080011dc                SPI4_IRQHandler
                0x00000000080011dc                TIM1_CC_IRQHandler
                0x00000000080011dc                DMA2_Stream5_IRQHandler
                0x00000000080011dc                DMA1_Stream5_IRQHandler
                0x00000000080011dc                PVD_IRQHandler
                0x00000000080011dc                SDIO_IRQHandler
                0x00000000080011dc                TAMP_STAMP_IRQHandler
                0x00000000080011dc                EXTI3_IRQHandler
                0x00000000080011dc                TIM1_UP_TIM10_IRQHandler
                0x00000000080011dc                I2C3_ER_IRQHandler
                0x00000000080011dc                EXTI0_IRQHandler
                0x00000000080011dc                I2C2_EV_IRQHandler
                0x00000000080011dc                DMA1_Stream2_IRQHandler
                0x00000000080011dc                FPU_IRQHandler
                0x00000000080011dc                DMA2_Stream2_IRQHandler
                0x00000000080011dc                SPI1_IRQHandler
                0x00000000080011dc                TIM1_BRK_TIM9_IRQHandler
                0x00000000080011dc                DMA2_Stream3_IRQHandler
                0x00000000080011dc                USART6_IRQHandler
                0x00000000080011dc                DMA2_Stream0_IRQHandler
                0x00000000080011dc                TIM4_IRQHandler
                0x00000000080011dc                I2C1_EV_IRQHandler
                0x00000000080011dc                DMA1_Stream6_IRQHandler
                0x00000000080011dc                DMA1_Stream1_IRQHandler
                0x00000000080011dc                TIM3_IRQHandler
                0x00000000080011dc                RCC_IRQHandler
                0x00000000080011dc                Default_Handler
                0x00000000080011dc                EXTI15_10_IRQHandler
                0x00000000080011dc                ADC_IRQHandler
                0x00000000080011dc                DMA1_Stream7_IRQHandler
                0x00000000080011dc                TIM5_IRQHandler
                0x00000000080011dc                DMA2_Stream7_IRQHandler
                0x00000000080011dc                I2C3_EV_IRQHandler
                0x00000000080011dc                EXTI9_5_IRQHandler
                0x00000000080011dc                RTC_WKUP_IRQHandler
                0x00000000080011dc                SPI2_IRQHandler
                0x00000000080011dc                DMA1_Stream0_IRQHandler
                0x00000000080011dc                EXTI4_IRQHandler
                0x00000000080011dc                WWDG_IRQHandler
                0x00000000080011dc                TIM2_IRQHandler
                0x00000000080011dc                OTG_FS_WKUP_IRQHandler
                0x00000000080011dc                TIM1_TRG_COM_TIM11_IRQHandler
                0x00000000080011dc                EXTI1_IRQHandler
                0x00000000080011dc                I2C2_ER_IRQHandler
                0x00000000080011dc                DMA2_Stream1_IRQHandler
                0x00000000080011dc                FLASH_IRQHandler
                0x00000000080011dc                DMA2_Stream4_IRQHandler
                0x00000000080011dc                USART1_IRQHandler
                0x00000000080011dc                OTG_FS_IRQHandler
                0x00000000080011dc                SPI3_IRQHandler
                0x00000000080011dc                DMA1_Stream4_IRQHandler
                0x00000000080011dc                I2C1_ER_IRQHandler
                0x00000000080011dc                DMA2_Stream6_IRQHandler
                0x00000000080011dc                DMA1_Stream3_IRQHandler
 *fill*         0x00000000080011de        0x2 
 .text.HAL_Init
                0x00000000080011e0       0x44 ./Drivers/STM32F4xx_HAL_Driver/Src/stm32f4xx_hal.o
                0x00000000080011e0                HAL_Init
 .text.HAL_InitTick
                0x0000000008001224       0x60 ./Drivers/STM32F4xx_HAL_Driver/Src/stm32f4xx_hal.o
                0x0000000008001224                HAL_InitTick
 .text.HAL_IncTick
                0x0000000008001284       0x28 ./Drivers/STM32F4xx_HAL_Driver/Src/stm32f4xx_hal.o
                0x0000000008001284                HAL_IncTick
 .text.HAL_GetTick
                0x00000000080012ac       0x18 ./Drivers/STM32F4xx_HAL_Driver/Src/stm32f4xx_hal.o
                0x00000000080012ac                HAL_GetTick
 .text.HAL_Delay
                0x00000000080012c4       0x48 ./Drivers/STM32F4xx_HAL_Driver/Src/stm32f4xx_hal.o
                0x00000000080012c4                HAL_Delay
 .text.__NVIC_SetPriorityGrouping
                0x000000000800130c       0x48 ./Drivers/STM32F4xx_HAL_Driver/Src/stm32f4xx_hal_cortex.o
 .text.__NVIC_GetPriorityGrouping
                0x0000000008001354       0x1c ./Drivers/STM32F4xx_HAL_Driver/Src/stm32f4xx_hal_cortex.o
 .text.__NVIC_SetPriority
                0x0000000008001370       0x54 ./Drivers/STM32F4xx_HAL_Driver/Src/stm32f4xx_hal_cortex.o
 .text.NVIC_EncodePriority
                0x00000000080013c4       0x66 ./Drivers/STM32F4xx_HAL_Driver/Src/stm32f4xx_hal_cortex.o
 *fill*         0x000000000800142a        0x2 
 .text.SysTick_Config
                0x000000000800142c       0x44 ./Drivers/STM32F4xx_HAL_Driver/Src/stm32f4xx_hal_cortex.o
 .text.HAL_NVIC_SetPriorityGrouping
                0x0000000008001470       0x16 ./Drivers/STM32F4xx_HAL_Driver/Src/stm32f4xx_hal_cortex.o
                0x0000000008001470                HAL_NVIC_SetPriorityGrouping
 .text.HAL_NVIC_SetPriority
                0x0000000008001486       0x38 ./Drivers/STM32F4xx_HAL_Driver/Src/stm32f4xx_hal_cortex.o
                0x0000000008001486                HAL_NVIC_SetPriority
 .text.HAL_SYSTICK_Config
                0x00000000080014be       0x18 ./Drivers/STM32F4xx_HAL_Driver/Src/stm32f4xx_hal_cortex.o
                0x00000000080014be                HAL_SYSTICK_Config
 *fill*         0x00000000080014d6        0x2 
 .text.HAL_GPIO_Init
                0x00000000080014d8      0x308 ./Drivers/STM32F4xx_HAL_Driver/Src/stm32f4xx_hal_gpio.o
                0x00000000080014d8                HAL_GPIO_Init
 .text.HAL_GPIO_WritePin
                0x00000000080017e0       0x32 ./Drivers/STM32F4xx_HAL_Driver/Src/stm32f4xx_hal_gpio.o
                0x00000000080017e0                HAL_GPIO_WritePin
 *fill*         0x0000000008001812        0x2 
 .text.HAL_RCC_OscConfig
                0x0000000008001814      0x4f0 ./Drivers/STM32F4xx_HAL_Driver/Src/stm32f4xx_hal_rcc.o
                0x0000000008001814                HAL_RCC_OscConfig
 .text.HAL_RCC_ClockConfig
                0x0000000008001d04      0x1cc ./Drivers/STM32F4xx_HAL_Driver/Src/stm32f4xx_hal_rcc.o
                0x0000000008001d04                HAL_RCC_ClockConfig
 .text.HAL_RCC_GetSysClockFreq
                0x0000000008001ed0      0x20c ./Drivers/STM32F4xx_HAL_Driver/Src/stm32f4xx_hal_rcc.o
                0x0000000008001ed0                HAL_RCC_GetSysClockFreq
 .text.HAL_SPI_Init
                0x00000000080020dc      0x112 ./Drivers/STM32F4xx_HAL_Driver/Src/stm32f4xx_hal_spi.o
                0x00000000080020dc                HAL_SPI_Init
 .text.HAL_SPI_Transmit
                0x00000000080021ee      0x278 ./Drivers/STM32F4xx_HAL_Driver/Src/stm32f4xx_hal_spi.o
                0x00000000080021ee                HAL_SPI_Transmit
 *fill*         0x0000000008002466        0x2 
 .text.SPI_WaitFlagStateUntilTimeout
                0x0000000008002468      0x110 ./Drivers/STM32F4xx_HAL_Driver/Src/stm32f4xx_hal_spi.o
 .text.SPI_EndRxTxTransaction
                0x0000000008002578       0x84 ./Drivers/STM32F4xx_HAL_Driver/Src/stm32f4xx_hal_spi.o
 .text.__libc_init_array
                0x00000000080025fc       0x48 c:/st/stm32cubeide_1.12.1/stm32cubeide/plugins/com.st.stm32cube.ide.mcu.externaltools.gnu-tools-for-stm32.10.3-2021.10.win32_1.0.200.202301161003/tools/bin/../lib/gcc/arm-none-eabi/10.3.1/../../../../arm-none-eabi/lib/thumb/v7e-m+fp/hard\libc_nano.a(lib_a-init.o)
                0x00000000080025fc                __libc_init_array
 .text.memset   0x0000000008002644       0x10 c:/st/stm32cubeide_1.12.1/stm32cubeide/plugins/com.st.stm32cube.ide.mcu.externaltools.gnu-tools-for-stm32.10.3-2021.10.win32_1.0.200.202301161003/tools/bin/../lib/gcc/arm-none-eabi/10.3.1/../../../../arm-none-eabi/lib/thumb/v7e-m+fp/hard\libc_nano.a(lib_a-memset.o)
                0x0000000008002644                memset
 *(.glue_7)
 .glue_7        0x0000000008002654        0x0 linker stubs
 *(.glue_7t)
 .glue_7t       0x0000000008002654        0x0 linker stubs
 *(.eh_frame)
 .eh_frame      0x0000000008002654        0x0 c:/st/stm32cubeide_1.12.1/stm32cubeide/plugins/com.st.stm32cube.ide.mcu.externaltools.gnu-tools-for-stm32.10.3-2021.10.win32_1.0.200.202301161003/tools/bin/../lib/gcc/arm-none-eabi/10.3.1/thumb/v7e-m+fp/hard/crtbegin.o
 *(.init)
 .init          0x0000000008002654        0x4 c:/st/stm32cubeide_1.12.1/stm32cubeide/plugins/com.st.stm32cube.ide.mcu.externaltools.gnu-tools-for-stm32.10.3-2021.10.win32_1.0.200.202301161003/tools/bin/../lib/gcc/arm-none-eabi/10.3.1/thumb/v7e-m+fp/hard/crti.o
                0x0000000008002654                _init
 .init          0x0000000008002658        0x8 c:/st/stm32cubeide_1.12.1/stm32cubeide/plugins/com.st.stm32cube.ide.mcu.externaltools.gnu-tools-for-stm32.10.3-2021.10.win32_1.0.200.202301161003/tools/bin/../lib/gcc/arm-none-eabi/10.3.1/thumb/v7e-m+fp/hard/crtn.o
 *(.fini)
 .fini          0x0000000008002660        0x4 c:/st/stm32cubeide_1.12.1/stm32cubeide/plugins/com.st.stm32cube.ide.mcu.externaltools.gnu-tools-for-stm32.10.3-2021.10.win32_1.0.200.202301161003/tools/bin/../lib/gcc/arm-none-eabi/10.3.1/thumb/v7e-m+fp/hard/crti.o
                0x0000000008002660                _fini
 .fini          0x0000000008002664        0x8 c:/st/stm32cubeide_1.12.1/stm32cubeide/plugins/com.st.stm32cube.ide.mcu.externaltools.gnu-tools-for-stm32.10.3-2021.10.win32_1.0.200.202301161003/tools/bin/../lib/gcc/arm-none-eabi/10.3.1/thumb/v7e-m+fp/hard/crtn.o
                0x000000000800266c                . = ALIGN (0x4)
                0x000000000800266c                _etext = .

.vfp11_veneer   0x000000000800266c        0x0
 .vfp11_veneer  0x000000000800266c        0x0 linker stubs

.v4_bx          0x000000000800266c        0x0
 .v4_bx         0x000000000800266c        0x0 linker stubs

.iplt           0x000000000800266c        0x0
 .iplt          0x000000000800266c        0x0 c:/st/stm32cubeide_1.12.1/stm32cubeide/plugins/com.st.stm32cube.ide.mcu.externaltools.gnu-tools-for-stm32.10.3-2021.10.win32_1.0.200.202301161003/tools/bin/../lib/gcc/arm-none-eabi/10.3.1/thumb/v7e-m+fp/hard/crtbegin.o

.rodata         0x000000000800266c      0xdec
                0x000000000800266c                . = ALIGN (0x4)
 *(.rodata)
 .rodata        0x000000000800266c        0x6 ./Core/Src/main.o
 *(.rodata*)
 *fill*         0x0000000008002672        0x2 
 .rodata.Font11x18
                0x0000000008002674      0xd5c ./Core/Src/fonts.o
 .rodata.init_cmds1
                0x00000000080033d0       0x3b ./Core/Src/st7735.o
 *fill*         0x000000000800340b        0x1 
 .rodata.init_cmds2
                0x000000000800340c        0xd ./Core/Src/st7735.o
 *fill*         0x0000000008003419        0x3 
 .rodata.init_cmds3
                0x000000000800341c       0x2b ./Core/Src/st7735.o
 *fill*         0x0000000008003447        0x1 
 .rodata.AHBPrescTable
                0x0000000008003448       0x10 ./Core/Src/system_stm32f4xx.o
                0x0000000008003448                AHBPrescTable
                0x0000000008003458                . = ALIGN (0x4)

.ARM.extab      0x0000000008003458        0x0
                0x0000000008003458                . = ALIGN (0x4)
 *(.ARM.extab* .gnu.linkonce.armextab.*)
                0x0000000008003458                . = ALIGN (0x4)

.ARM            0x0000000008003458        0x8
                0x0000000008003458                . = ALIGN (0x4)
                0x0000000008003458                __exidx_start = .
 *(.ARM.exidx*)
 .ARM.exidx     0x0000000008003458        0x8 c:/st/stm32cubeide_1.12.1/stm32cubeide/plugins/com.st.stm32cube.ide.mcu.externaltools.gnu-tools-for-stm32.10.3-2021.10.win32_1.0.200.202301161003/tools/bin/../lib/gcc/arm-none-eabi/10.3.1/thumb/v7e-m+fp/hard\libgcc.a(_udivmoddi4.o)
                0x0000000008003460                __exidx_end = .
                0x0000000008003460                . = ALIGN (0x4)

.rel.dyn        0x0000000008003460        0x0
 .rel.iplt      0x0000000008003460        0x0 c:/st/stm32cubeide_1.12.1/stm32cubeide/plugins/com.st.stm32cube.ide.mcu.externaltools.gnu-tools-for-stm32.10.3-2021.10.win32_1.0.200.202301161003/tools/bin/../lib/gcc/arm-none-eabi/10.3.1/thumb/v7e-m+fp/hard/crtbegin.o

.preinit_array  0x0000000008003460        0x0
                0x0000000008003460                . = ALIGN (0x4)
                0x0000000008003460                PROVIDE (__preinit_array_start = .)
 *(.preinit_array*)
                0x0000000008003460                PROVIDE (__preinit_array_end = .)
                0x0000000008003460                . = ALIGN (0x4)

.init_array     0x0000000008003460        0x4
                0x0000000008003460                . = ALIGN (0x4)
                0x0000000008003460                PROVIDE (__init_array_start = .)
 *(SORT_BY_NAME(.init_array.*))
 *(.init_array*)
 .init_array    0x0000000008003460        0x4 c:/st/stm32cubeide_1.12.1/stm32cubeide/plugins/com.st.stm32cube.ide.mcu.externaltools.gnu-tools-for-stm32.10.3-2021.10.win32_1.0.200.202301161003/tools/bin/../lib/gcc/arm-none-eabi/10.3.1/thumb/v7e-m+fp/hard/crtbegin.o
                0x0000000008003464                PROVIDE (__init_array_end = .)
                0x0000000008003464                . = ALIGN (0x4)

.fini_array     0x0000000008003464        0x4
                0x0000000008003464                . = ALIGN (0x4)
                [!provide]                        PROVIDE (__fini_array_start = .)
 *(SORT_BY_NAME(.fini_array.*))
 *(.fini_array*)
 .fini_array    0x0000000008003464        0x4 c:/st/stm32cubeide_1.12.1/stm32cubeide/plugins/com.st.stm32cube.ide.mcu.externaltools.gnu-tools-for-stm32.10.3-2021.10.win32_1.0.200.202301161003/tools/bin/../lib/gcc/arm-none-eabi/10.3.1/thumb/v7e-m+fp/hard/crtbegin.o
                [!provide]                        PROVIDE (__fini_array_end = .)
                0x0000000008003468                . = ALIGN (0x4)
                0x0000000008003468                _sidata = LOADADDR (.data)

.data           0x0000000020000000       0x18 load address 0x0000000008003468
                0x0000000020000000                . = ALIGN (0x4)
                0x0000000020000000                _sdata = .
 *(.data)
 *(.data*)
 .data.Font_11x18
                0x0000000020000000        0x8 ./Core/Src/fonts.o
                0x0000000020000000                Font_11x18
 .data._height  0x0000000020000008        0x2 ./Core/Src/st7735.o
 .data._width   0x000000002000000a        0x2 ./Core/Src/st7735.o
 .data.SystemCoreClock
                0x000000002000000c        0x4 ./Core/Src/system_stm32f4xx.o
                0x000000002000000c                SystemCoreClock
 .data.uwTickPrio
                0x0000000020000010        0x4 ./Drivers/STM32F4xx_HAL_Driver/Src/stm32f4xx_hal.o
                0x0000000020000010                uwTickPrio
 .data.uwTickFreq
                0x0000000020000014        0x1 ./Drivers/STM32F4xx_HAL_Driver/Src/stm32f4xx_hal.o
                0x0000000020000014                uwTickFreq
 *(.RamFunc)
 *(.RamFunc*)
                0x0000000020000018                . = ALIGN (0x4)
 *fill*         0x0000000020000015        0x3 
                0x0000000020000018                _edata = .

.igot.plt       0x0000000020000018        0x0 load address 0x0000000008003480
 .igot.plt      0x0000000020000018        0x0 c:/st/stm32cubeide_1.12.1/stm32cubeide/plugins/com.st.stm32cube.ide.mcu.externaltools.gnu-tools-for-stm32.10.3-2021.10.win32_1.0.200.202301161003/tools/bin/../lib/gcc/arm-none-eabi/10.3.1/thumb/v7e-m+fp/hard/crtbegin.o
                0x0000000020000018                . = ALIGN (0x4)

.bss            0x0000000020000018       0xe4 load address 0x0000000008003480
                0x0000000020000018                _sbss = .
                0x0000000020000018                __bss_start__ = _sbss
 *(.bss)
 .bss           0x0000000020000018       0x1c c:/st/stm32cubeide_1.12.1/stm32cubeide/plugins/com.st.stm32cube.ide.mcu.externaltools.gnu-tools-for-stm32.10.3-2021.10.win32_1.0.200.202301161003/tools/bin/../lib/gcc/arm-none-eabi/10.3.1/thumb/v7e-m+fp/hard/crtbegin.o
 *(.bss*)
 .bss.buffer    0x0000000020000034       0x64 ./Core/Src/ESP8266.o
                0x0000000020000034                buffer
 .bss.buffer_index
                0x0000000020000098        0x4 ./Core/Src/ESP8266.o
                0x0000000020000098                buffer_index
 .bss.hspi1     0x000000002000009c       0x58 ./Core/Src/main.o
                0x000000002000009c                hspi1
 .bss._xstart   0x00000000200000f4        0x1 ./Core/Src/st7735.o
 .bss._ystart   0x00000000200000f5        0x1 ./Core/Src/st7735.o
 *fill*         0x00000000200000f6        0x2 
 .bss.uwTick    0x00000000200000f8        0x4 ./Drivers/STM32F4xx_HAL_Driver/Src/stm32f4xx_hal.o
                0x00000000200000f8                uwTick
 *(COMMON)
                0x00000000200000fc                . = ALIGN (0x4)
                0x00000000200000fc                _ebss = .
                0x00000000200000fc                __bss_end__ = _ebss

._user_heap_stack
                0x00000000200000fc      0xc04 load address 0x0000000008003480
                0x0000000020000100                . = ALIGN (0x8)
 *fill*         0x00000000200000fc        0x4 
                [!provide]                        PROVIDE (end = .)
                0x0000000020000100                PROVIDE (_end = .)
                0x0000000020000500                . = (. + _Min_Heap_Size)
 *fill*         0x0000000020000100      0x400 
                0x0000000020000d00                . = (. + _Min_Stack_Size)
 *fill*         0x0000000020000500      0x800 
                0x0000000020000d00                . = ALIGN (0x8)

/DISCARD/
 libc.a(*)
 libm.a(*)
 libgcc.a(*)

.ARM.attributes
                0x0000000000000000       0x30
 *(.ARM.attributes)
 .ARM.attributes
                0x0000000000000000       0x1e c:/st/stm32cubeide_1.12.1/stm32cubeide/plugins/com.st.stm32cube.ide.mcu.externaltools.gnu-tools-for-stm32.10.3-2021.10.win32_1.0.200.202301161003/tools/bin/../lib/gcc/arm-none-eabi/10.3.1/thumb/v7e-m+fp/hard/crti.o
 .ARM.attributes
                0x000000000000001e       0x34 c:/st/stm32cubeide_1.12.1/stm32cubeide/plugins/com.st.stm32cube.ide.mcu.externaltools.gnu-tools-for-stm32.10.3-2021.10.win32_1.0.200.202301161003/tools/bin/../lib/gcc/arm-none-eabi/10.3.1/thumb/v7e-m+fp/hard/crtbegin.o
 .ARM.attributes
                0x0000000000000052       0x34 ./Core/Src/ESP8266.o
 .ARM.attributes
                0x0000000000000086       0x34 ./Core/Src/SDFlash.o
 .ARM.attributes
                0x00000000000000ba       0x34 ./Core/Src/fonts.o
 .ARM.attributes
                0x00000000000000ee       0x34 ./Core/Src/main.o
 .ARM.attributes
                0x0000000000000122       0x34 ./Core/Src/st7735.o
 .ARM.attributes
                0x0000000000000156       0x34 ./Core/Src/stm32f4xx_hal_msp.o
 .ARM.attributes
                0x000000000000018a       0x34 ./Core/Src/stm32f4xx_it.o
 .ARM.attributes
                0x00000000000001be       0x34 ./Core/Src/system_stm32f4xx.o
 .ARM.attributes
                0x00000000000001f2       0x21 ./Core/Startup/startup_stm32f401vctx.o
 .ARM.attributes
                0x0000000000000213       0x34 ./Drivers/STM32F4xx_HAL_Driver/Src/stm32f4xx_hal.o
 .ARM.attributes
                0x0000000000000247       0x34 ./Drivers/STM32F4xx_HAL_Driver/Src/stm32f4xx_hal_cortex.o
 .ARM.attributes
                0x000000000000027b       0x34 ./Drivers/STM32F4xx_HAL_Driver/Src/stm32f4xx_hal_gpio.o
 .ARM.attributes
                0x00000000000002af       0x34 ./Drivers/STM32F4xx_HAL_Driver/Src/stm32f4xx_hal_rcc.o
 .ARM.attributes
                0x00000000000002e3       0x34 ./Drivers/STM32F4xx_HAL_Driver/Src/stm32f4xx_hal_spi.o
 .ARM.attributes
                0x0000000000000317       0x34 c:/st/stm32cubeide_1.12.1/stm32cubeide/plugins/com.st.stm32cube.ide.mcu.externaltools.gnu-tools-for-stm32.10.3-2021.10.win32_1.0.200.202301161003/tools/bin/../lib/gcc/arm-none-eabi/10.3.1/../../../../arm-none-eabi/lib/thumb/v7e-m+fp/hard\libc_nano.a(lib_a-init.o)
 .ARM.attributes
                0x000000000000034b       0x34 c:/st/stm32cubeide_1.12.1/stm32cubeide/plugins/com.st.stm32cube.ide.mcu.externaltools.gnu-tools-for-stm32.10.3-2021.10.win32_1.0.200.202301161003/tools/bin/../lib/gcc/arm-none-eabi/10.3.1/../../../../arm-none-eabi/lib/thumb/v7e-m+fp/hard\libc_nano.a(lib_a-memset.o)
 .ARM.attributes
                0x000000000000037f       0x1e c:/st/stm32cubeide_1.12.1/stm32cubeide/plugins/com.st.stm32cube.ide.mcu.externaltools.gnu-tools-for-stm32.10.3-2021.10.win32_1.0.200.202301161003/tools/bin/../lib/gcc/arm-none-eabi/10.3.1/thumb/v7e-m+fp/hard\libgcc.a(_aeabi_uldivmod.o)
 .ARM.attributes
                0x000000000000039d       0x34 c:/st/stm32cubeide_1.12.1/stm32cubeide/plugins/com.st.stm32cube.ide.mcu.externaltools.gnu-tools-for-stm32.10.3-2021.10.win32_1.0.200.202301161003/tools/bin/../lib/gcc/arm-none-eabi/10.3.1/thumb/v7e-m+fp/hard\libgcc.a(_udivmoddi4.o)
 .ARM.attributes
                0x00000000000003d1       0x1e c:/st/stm32cubeide_1.12.1/stm32cubeide/plugins/com.st.stm32cube.ide.mcu.externaltools.gnu-tools-for-stm32.10.3-2021.10.win32_1.0.200.202301161003/tools/bin/../lib/gcc/arm-none-eabi/10.3.1/thumb/v7e-m+fp/hard\libgcc.a(_dvmd_tls.o)
 .ARM.attributes
                0x00000000000003ef       0x1e c:/st/stm32cubeide_1.12.1/stm32cubeide/plugins/com.st.stm32cube.ide.mcu.externaltools.gnu-tools-for-stm32.10.3-2021.10.win32_1.0.200.202301161003/tools/bin/../lib/gcc/arm-none-eabi/10.3.1/thumb/v7e-m+fp/hard/crtn.o
OUTPUT(display.elf elf32-littlearm)
LOAD linker stubs
LOAD c:/st/stm32cubeide_1.12.1/stm32cubeide/plugins/com.st.stm32cube.ide.mcu.externaltools.gnu-tools-for-stm32.10.3-2021.10.win32_1.0.200.202301161003/tools/bin/../lib/gcc/arm-none-eabi/10.3.1/../../../../arm-none-eabi/lib/thumb/v7e-m+fp/hard\libc.a
LOAD c:/st/stm32cubeide_1.12.1/stm32cubeide/plugins/com.st.stm32cube.ide.mcu.externaltools.gnu-tools-for-stm32.10.3-2021.10.win32_1.0.200.202301161003/tools/bin/../lib/gcc/arm-none-eabi/10.3.1/../../../../arm-none-eabi/lib/thumb/v7e-m+fp/hard\libm.a
LOAD c:/st/stm32cubeide_1.12.1/stm32cubeide/plugins/com.st.stm32cube.ide.mcu.externaltools.gnu-tools-for-stm32.10.3-2021.10.win32_1.0.200.202301161003/tools/bin/../lib/gcc/arm-none-eabi/10.3.1/thumb/v7e-m+fp/hard\libgcc.a

.debug_info     0x0000000000000000     0x87e8
 .debug_info    0x0000000000000000      0x91f ./Core/Src/ESP8266.o
 .debug_info    0x000000000000091f      0x49a ./Core/Src/SDFlash.o
 .debug_info    0x0000000000000db9      0x1dd ./Core/Src/fonts.o
 .debug_info    0x0000000000000f96      0xd8f ./Core/Src/main.o
 .debug_info    0x0000000000001d25     0x1a69 ./Core/Src/st7735.o
 .debug_info    0x000000000000378e      0x9e1 ./Core/Src/stm32f4xx_hal_msp.o
 .debug_info    0x000000000000416f      0x211 ./Core/Src/stm32f4xx_it.o
 .debug_info    0x0000000000004380      0x54f ./Core/Src/system_stm32f4xx.o
 .debug_info    0x00000000000048cf       0x22 ./Core/Startup/startup_stm32f401vctx.o
 .debug_info    0x00000000000048f1      0x907 ./Drivers/STM32F4xx_HAL_Driver/Src/stm32f4xx_hal.o
 .debug_info    0x00000000000051f8      0xd85 ./Drivers/STM32F4xx_HAL_Driver/Src/stm32f4xx_hal_cortex.o
 .debug_info    0x0000000000005f7d      0x78e ./Drivers/STM32F4xx_HAL_Driver/Src/stm32f4xx_hal_gpio.o
 .debug_info    0x000000000000670b      0x98d ./Drivers/STM32F4xx_HAL_Driver/Src/stm32f4xx_hal_rcc.o
 .debug_info    0x0000000000007098     0x1750 ./Drivers/STM32F4xx_HAL_Driver/Src/stm32f4xx_hal_spi.o

.debug_abbrev   0x0000000000000000     0x18d5
 .debug_abbrev  0x0000000000000000      0x178 ./Core/Src/ESP8266.o
 .debug_abbrev  0x0000000000000178      0x145 ./Core/Src/SDFlash.o
 .debug_abbrev  0x00000000000002bd       0xbe ./Core/Src/fonts.o
 .debug_abbrev  0x000000000000037b      0x288 ./Core/Src/main.o
 .debug_abbrev  0x0000000000000603      0x2c3 ./Core/Src/st7735.o
 .debug_abbrev  0x00000000000008c6      0x194 ./Core/Src/stm32f4xx_hal_msp.o
 .debug_abbrev  0x0000000000000a5a      0x123 ./Core/Src/stm32f4xx_it.o
 .debug_abbrev  0x0000000000000b7d      0x116 ./Core/Src/system_stm32f4xx.o
 .debug_abbrev  0x0000000000000c93       0x12 ./Core/Startup/startup_stm32f401vctx.o
 .debug_abbrev  0x0000000000000ca5      0x23e ./Drivers/STM32F4xx_HAL_Driver/Src/stm32f4xx_hal.o
 .debug_abbrev  0x0000000000000ee3      0x316 ./Drivers/STM32F4xx_HAL_Driver/Src/stm32f4xx_hal_cortex.o
 .debug_abbrev  0x00000000000011f9      0x1c4 ./Drivers/STM32F4xx_HAL_Driver/Src/stm32f4xx_hal_gpio.o
 .debug_abbrev  0x00000000000013bd      0x2aa ./Drivers/STM32F4xx_HAL_Driver/Src/stm32f4xx_hal_rcc.o
 .debug_abbrev  0x0000000000001667      0x26e ./Drivers/STM32F4xx_HAL_Driver/Src/stm32f4xx_hal_spi.o

.debug_aranges  0x0000000000000000      0x790
 .debug_aranges
                0x0000000000000000       0x30 ./Core/Src/ESP8266.o
 .debug_aranges
                0x0000000000000030       0x40 ./Core/Src/SDFlash.o
 .debug_aranges
                0x0000000000000070       0x18 ./Core/Src/fonts.o
 .debug_aranges
                0x0000000000000088       0x40 ./Core/Src/main.o
 .debug_aranges
                0x00000000000000c8      0x128 ./Core/Src/st7735.o
 .debug_aranges
                0x00000000000001f0       0x30 ./Core/Src/stm32f4xx_hal_msp.o
 .debug_aranges
                0x0000000000000220       0x68 ./Core/Src/stm32f4xx_it.o
 .debug_aranges
                0x0000000000000288       0x28 ./Core/Src/system_stm32f4xx.o
 .debug_aranges
                0x00000000000002b0       0x28 ./Core/Startup/startup_stm32f401vctx.o
 .debug_aranges
                0x00000000000002d8       0xf0 ./Drivers/STM32F4xx_HAL_Driver/Src/stm32f4xx_hal.o
 .debug_aranges
                0x00000000000003c8      0x118 ./Drivers/STM32F4xx_HAL_Driver/Src/stm32f4xx_hal_cortex.o
 .debug_aranges
                0x00000000000004e0       0x58 ./Drivers/STM32F4xx_HAL_Driver/Src/stm32f4xx_hal_gpio.o
 .debug_aranges
                0x0000000000000538       0x88 ./Drivers/STM32F4xx_HAL_Driver/Src/stm32f4xx_hal_rcc.o
 .debug_aranges
                0x00000000000005c0      0x1d0 ./Drivers/STM32F4xx_HAL_Driver/Src/stm32f4xx_hal_spi.o

.debug_ranges   0x0000000000000000      0x6c8
 .debug_ranges  0x0000000000000000       0x20 ./Core/Src/ESP8266.o
 .debug_ranges  0x0000000000000020       0x30 ./Core/Src/SDFlash.o
 .debug_ranges  0x0000000000000050       0x30 ./Core/Src/main.o
 .debug_ranges  0x0000000000000080      0x130 ./Core/Src/st7735.o
 .debug_ranges  0x00000000000001b0       0x20 ./Core/Src/stm32f4xx_hal_msp.o
 .debug_ranges  0x00000000000001d0       0x58 ./Core/Src/stm32f4xx_it.o
 .debug_ranges  0x0000000000000228       0x18 ./Core/Src/system_stm32f4xx.o
 .debug_ranges  0x0000000000000240       0x20 ./Core/Startup/startup_stm32f401vctx.o
 .debug_ranges  0x0000000000000260       0xe0 ./Drivers/STM32F4xx_HAL_Driver/Src/stm32f4xx_hal.o
 .debug_ranges  0x0000000000000340      0x108 ./Drivers/STM32F4xx_HAL_Driver/Src/stm32f4xx_hal_cortex.o
 .debug_ranges  0x0000000000000448       0x48 ./Drivers/STM32F4xx_HAL_Driver/Src/stm32f4xx_hal_gpio.o
 .debug_ranges  0x0000000000000490       0x78 ./Drivers/STM32F4xx_HAL_Driver/Src/stm32f4xx_hal_rcc.o
 .debug_ranges  0x0000000000000508      0x1c0 ./Drivers/STM32F4xx_HAL_Driver/Src/stm32f4xx_hal_spi.o

.debug_macro    0x0000000000000000    0x156f7
 .debug_macro   0x0000000000000000      0x1cd ./Core/Src/ESP8266.o
 .debug_macro   0x00000000000001cd      0xa78 ./Core/Src/ESP8266.o
 .debug_macro   0x0000000000000c45      0x295 ./Core/Src/ESP8266.o
 .debug_macro   0x0000000000000eda       0x2e ./Core/Src/ESP8266.o
 .debug_macro   0x0000000000000f08       0x28 ./Core/Src/ESP8266.o
 .debug_macro   0x0000000000000f30       0x22 ./Core/Src/ESP8266.o
 .debug_macro   0x0000000000000f52       0x8e ./Core/Src/ESP8266.o
 .debug_macro   0x0000000000000fe0       0x51 ./Core/Src/ESP8266.o
 .debug_macro   0x0000000000001031      0x103 ./Core/Src/ESP8266.o
 .debug_macro   0x0000000000001134       0x6a ./Core/Src/ESP8266.o
 .debug_macro   0x000000000000119e      0x1df ./Core/Src/ESP8266.o
 .debug_macro   0x000000000000137d       0x1c ./Core/Src/ESP8266.o
 .debug_macro   0x0000000000001399       0x22 ./Core/Src/ESP8266.o
 .debug_macro   0x00000000000013bb       0xd9 ./Core/Src/ESP8266.o
 .debug_macro   0x0000000000001494     0x102d ./Core/Src/ESP8266.o
 .debug_macro   0x00000000000024c1      0x11f ./Core/Src/ESP8266.o
 .debug_macro   0x00000000000025e0     0xb850 ./Core/Src/ESP8266.o
 .debug_macro   0x000000000000de30       0x43 ./Core/Src/ESP8266.o
 .debug_macro   0x000000000000de73     0x3659 ./Core/Src/ESP8266.o
 .debug_macro   0x00000000000114cc      0x174 ./Core/Src/ESP8266.o
 .debug_macro   0x0000000000011640       0x5c ./Core/Src/ESP8266.o
 .debug_macro   0x000000000001169c      0x416 ./Core/Src/ESP8266.o
 .debug_macro   0x0000000000011ab2      0x9fe ./Core/Src/ESP8266.o
 .debug_macro   0x00000000000124b0      0x117 ./Core/Src/ESP8266.o
 .debug_macro   0x00000000000125c7       0xf8 ./Core/Src/ESP8266.o
 .debug_macro   0x00000000000126bf       0x82 ./Core/Src/ESP8266.o
 .debug_macro   0x0000000000012741      0x15f ./Core/Src/ESP8266.o
 .debug_macro   0x00000000000128a0      0x287 ./Core/Src/ESP8266.o
 .debug_macro   0x0000000000012b27       0x5f ./Core/Src/ESP8266.o
 .debug_macro   0x0000000000012b86      0x236 ./Core/Src/ESP8266.o
 .debug_macro   0x0000000000012dbc      0x132 ./Core/Src/ESP8266.o
 .debug_macro   0x0000000000012eee      0x23a ./Core/Src/ESP8266.o
 .debug_macro   0x0000000000013128       0x2e ./Core/Src/ESP8266.o
 .debug_macro   0x0000000000013156      0x11a ./Core/Src/ESP8266.o
 .debug_macro   0x0000000000013270       0x85 ./Core/Src/ESP8266.o
 .debug_macro   0x00000000000132f5       0x89 ./Core/Src/ESP8266.o
 .debug_macro   0x000000000001337e      0x225 ./Core/Src/ESP8266.o
 .debug_macro   0x00000000000135a3      0x126 ./Core/Src/ESP8266.o
 .debug_macro   0x00000000000136c9       0x10 ./Core/Src/ESP8266.o
 .debug_macro   0x00000000000136d9      0x1c4 ./Core/Src/SDFlash.o
 .debug_macro   0x000000000001389d       0x6d ./Core/Src/fonts.o
 .debug_macro   0x000000000001390a      0x215 ./Core/Src/main.o
 .debug_macro   0x0000000000013b1f       0x40 ./Core/Src/main.o
 .debug_macro   0x0000000000013b5f       0x22 ./Core/Src/main.o
 .debug_macro   0x0000000000013b81      0x1a3 ./Core/Src/main.o
 .debug_macro   0x0000000000013d24       0x28 ./Core/Src/main.o
 .debug_macro   0x0000000000013d4c      0x32b ./Core/Src/st7735.o
 .debug_macro   0x0000000000014077       0x1e ./Core/Src/st7735.o
 .debug_macro   0x0000000000014095       0x52 ./Core/Src/st7735.o
 .debug_macro   0x00000000000140e7       0x3c ./Core/Src/st7735.o
 .debug_macro   0x0000000000014123       0x34 ./Core/Src/st7735.o
 .debug_macro   0x0000000000014157       0x16 ./Core/Src/st7735.o
 .debug_macro   0x000000000001416d       0x35 ./Core/Src/st7735.o
 .debug_macro   0x00000000000141a2       0x16 ./Core/Src/st7735.o
 .debug_macro   0x00000000000141b8       0x43 ./Core/Src/st7735.o
 .debug_macro   0x00000000000141fb       0x34 ./Core/Src/st7735.o
 .debug_macro   0x000000000001422f       0x10 ./Core/Src/st7735.o
 .debug_macro   0x000000000001423f       0x58 ./Core/Src/st7735.o
 .debug_macro   0x0000000000014297       0x71 ./Core/Src/st7735.o
 .debug_macro   0x0000000000014308       0x1c ./Core/Src/st7735.o
 .debug_macro   0x0000000000014324      0x12a ./Core/Src/st7735.o
 .debug_macro   0x000000000001444e      0x341 ./Core/Src/st7735.o
 .debug_macro   0x000000000001478f       0x16 ./Core/Src/st7735.o
 .debug_macro   0x00000000000147a5       0x29 ./Core/Src/st7735.o
 .debug_macro   0x00000000000147ce      0x215 ./Core/Src/stm32f4xx_hal_msp.o
 .debug_macro   0x00000000000149e3      0x21f ./Core/Src/stm32f4xx_it.o
 .debug_macro   0x0000000000014c02      0x1ba ./Core/Src/system_stm32f4xx.o
 .debug_macro   0x0000000000014dbc      0x21a ./Drivers/STM32F4xx_HAL_Driver/Src/stm32f4xx_hal.o
 .debug_macro   0x0000000000014fd6      0x1ba ./Drivers/STM32F4xx_HAL_Driver/Src/stm32f4xx_hal_cortex.o
 .debug_macro   0x0000000000015190      0x1c0 ./Drivers/STM32F4xx_HAL_Driver/Src/stm32f4xx_hal_gpio.o
 .debug_macro   0x0000000000015350      0x1de ./Drivers/STM32F4xx_HAL_Driver/Src/stm32f4xx_hal_rcc.o
 .debug_macro   0x000000000001552e      0x1c9 ./Drivers/STM32F4xx_HAL_Driver/Src/stm32f4xx_hal_spi.o

.debug_line     0x0000000000000000     0x8ec3
 .debug_line    0x0000000000000000      0x71a ./Core/Src/ESP8266.o
 .debug_line    0x000000000000071a      0x7ae ./Core/Src/SDFlash.o
 .debug_line    0x0000000000000ec8      0x387 ./Core/Src/fonts.o
 .debug_line    0x000000000000124f      0x7e6 ./Core/Src/main.o
 .debug_line    0x0000000000001a35     0x1488 ./Core/Src/st7735.o
 .debug_line    0x0000000000002ebd      0x72d ./Core/Src/stm32f4xx_hal_msp.o
 .debug_line    0x00000000000035ea      0x7f2 ./Core/Src/stm32f4xx_it.o
 .debug_line    0x0000000000003ddc      0x713 ./Core/Src/system_stm32f4xx.o
 .debug_line    0x00000000000044ef       0x88 ./Core/Startup/startup_stm32f401vctx.o
 .debug_line    0x0000000000004577      0x979 ./Drivers/STM32F4xx_HAL_Driver/Src/stm32f4xx_hal.o
 .debug_line    0x0000000000004ef0      0xc28 ./Drivers/STM32F4xx_HAL_Driver/Src/stm32f4xx_hal_cortex.o
 .debug_line    0x0000000000005b18      0xab5 ./Drivers/STM32F4xx_HAL_Driver/Src/stm32f4xx_hal_gpio.o
 .debug_line    0x00000000000065cd      0xcf5 ./Drivers/STM32F4xx_HAL_Driver/Src/stm32f4xx_hal_rcc.o
 .debug_line    0x00000000000072c2     0x1c01 ./Drivers/STM32F4xx_HAL_Driver/Src/stm32f4xx_hal_spi.o

.debug_str      0x0000000000000000    0x83857
 .debug_str     0x0000000000000000    0x7e044 ./Core/Src/ESP8266.o
                                      0x7e2fd (size before relaxing)
 .debug_str     0x000000000007e044       0xac ./Core/Src/SDFlash.o
                                      0x7dee7 (size before relaxing)
 .debug_str     0x000000000007e0f0       0x9e ./Core/Src/fonts.o
                                       0x3c9c (size before relaxing)
 .debug_str     0x000000000007e18e      0xd6b ./Core/Src/main.o
                                      0x7ecff (size before relaxing)
 .debug_str     0x000000000007eef9     0x3548 ./Core/Src/st7735.o
                                      0x82081 (size before relaxing)
 .debug_str     0x0000000000082441       0x63 ./Core/Src/stm32f4xx_hal_msp.o
                                      0x7ea99 (size before relaxing)
 .debug_str     0x00000000000824a4       0xe9 ./Core/Src/stm32f4xx_it.o
                                      0x7e56d (size before relaxing)
 .debug_str     0x000000000008258d       0x87 ./Core/Src/system_stm32f4xx.o
                                      0x7dedc (size before relaxing)
 .debug_str     0x0000000000082614       0x36 ./Core/Startup/startup_stm32f401vctx.o
                                         0x4f (size before relaxing)
 .debug_str     0x000000000008264a      0x618 ./Drivers/STM32F4xx_HAL_Driver/Src/stm32f4xx_hal.o
                                      0x7e8fe (size before relaxing)
 .debug_str     0x0000000000082c62      0x310 ./Drivers/STM32F4xx_HAL_Driver/Src/stm32f4xx_hal_cortex.o
                                      0x7e61f (size before relaxing)
 .debug_str     0x0000000000082f72      0x121 ./Drivers/STM32F4xx_HAL_Driver/Src/stm32f4xx_hal_gpio.o
                                      0x7e057 (size before relaxing)
 .debug_str     0x0000000000083093      0x233 ./Drivers/STM32F4xx_HAL_Driver/Src/stm32f4xx_hal_rcc.o
                                      0x7e310 (size before relaxing)
 .debug_str     0x00000000000832c6      0x591 ./Drivers/STM32F4xx_HAL_Driver/Src/stm32f4xx_hal_spi.o
                                      0x7e78e (size before relaxing)

.comment        0x0000000000000000       0x50
 .comment       0x0000000000000000       0x50 ./Core/Src/ESP8266.o
                                         0x51 (size before relaxing)
 .comment       0x0000000000000050       0x51 ./Core/Src/SDFlash.o
 .comment       0x0000000000000050       0x51 ./Core/Src/fonts.o
 .comment       0x0000000000000050       0x51 ./Core/Src/main.o
 .comment       0x0000000000000050       0x51 ./Core/Src/st7735.o
 .comment       0x0000000000000050       0x51 ./Core/Src/stm32f4xx_hal_msp.o
 .comment       0x0000000000000050       0x51 ./Core/Src/stm32f4xx_it.o
 .comment       0x0000000000000050       0x51 ./Core/Src/system_stm32f4xx.o
 .comment       0x0000000000000050       0x51 ./Drivers/STM32F4xx_HAL_Driver/Src/stm32f4xx_hal.o
 .comment       0x0000000000000050       0x51 ./Drivers/STM32F4xx_HAL_Driver/Src/stm32f4xx_hal_cortex.o
 .comment       0x0000000000000050       0x51 ./Drivers/STM32F4xx_HAL_Driver/Src/stm32f4xx_hal_gpio.o
 .comment       0x0000000000000050       0x51 ./Drivers/STM32F4xx_HAL_Driver/Src/stm32f4xx_hal_rcc.o
 .comment       0x0000000000000050       0x51 ./Drivers/STM32F4xx_HAL_Driver/Src/stm32f4xx_hal_spi.o

.debug_frame    0x0000000000000000     0x1d18
 .debug_frame   0x0000000000000000       0x7c ./Core/Src/ESP8266.o
 .debug_frame   0x000000000000007c       0xc4 ./Core/Src/SDFlash.o
 .debug_frame   0x0000000000000140       0xac ./Core/Src/main.o
 .debug_frame   0x00000000000001ec      0x50c ./Core/Src/st7735.o
 .debug_frame   0x00000000000006f8       0x80 ./Core/Src/stm32f4xx_hal_msp.o
 .debug_frame   0x0000000000000778      0x12c ./Core/Src/stm32f4xx_it.o
 .debug_frame   0x00000000000008a4       0x58 ./Core/Src/system_stm32f4xx.o
 .debug_frame   0x00000000000008fc      0x374 ./Drivers/STM32F4xx_HAL_Driver/Src/stm32f4xx_hal.o
 .debug_frame   0x0000000000000c70      0x498 ./Drivers/STM32F4xx_HAL_Driver/Src/stm32f4xx_hal_cortex.o
 .debug_frame   0x0000000000001108      0x14c ./Drivers/STM32F4xx_HAL_Driver/Src/stm32f4xx_hal_gpio.o
 .debug_frame   0x0000000000001254      0x1f4 ./Drivers/STM32F4xx_HAL_Driver/Src/stm32f4xx_hal_rcc.o
 .debug_frame   0x0000000000001448      0x824 ./Drivers/STM32F4xx_HAL_Driver/Src/stm32f4xx_hal_spi.o
 .debug_frame   0x0000000000001c6c       0x2c c:/st/stm32cubeide_1.12.1/stm32cubeide/plugins/com.st.stm32cube.ide.mcu.externaltools.gnu-tools-for-stm32.10.3-2021.10.win32_1.0.200.202301161003/tools/bin/../lib/gcc/arm-none-eabi/10.3.1/../../../../arm-none-eabi/lib/thumb/v7e-m+fp/hard\libc_nano.a(lib_a-init.o)
 .debug_frame   0x0000000000001c98       0x20 c:/st/stm32cubeide_1.12.1/stm32cubeide/plugins/com.st.stm32cube.ide.mcu.externaltools.gnu-tools-for-stm32.10.3-2021.10.win32_1.0.200.202301161003/tools/bin/../lib/gcc/arm-none-eabi/10.3.1/../../../../arm-none-eabi/lib/thumb/v7e-m+fp/hard\libc_nano.a(lib_a-memset.o)
 .debug_frame   0x0000000000001cb8       0x2c c:/st/stm32cubeide_1.12.1/stm32cubeide/plugins/com.st.stm32cube.ide.mcu.externaltools.gnu-tools-for-stm32.10.3-2021.10.win32_1.0.200.202301161003/tools/bin/../lib/gcc/arm-none-eabi/10.3.1/thumb/v7e-m+fp/hard\libgcc.a(_aeabi_uldivmod.o)
 .debug_frame   0x0000000000001ce4       0x34 c:/st/stm32cubeide_1.12.1/stm32cubeide/plugins/com.st.stm32cube.ide.mcu.externaltools.gnu-tools-for-stm32.10.3-2021.10.win32_1.0.200.202301161003/tools/bin/../lib/gcc/arm-none-eabi/10.3.1/thumb/v7e-m+fp/hard\libgcc.a(_udivmoddi4.o)
