Archive member included to satisfy reference by file (symbol)

c:/st/stm32cubeide_1.12.1/stm32cubeide/plugins/com.st.stm32cube.ide.mcu.externaltools.gnu-tools-for-stm32.10.3-2021.10.win32_1.0.200.202301161003/tools/bin/../lib/gcc/arm-none-eabi/10.3.1/../../../../arm-none-eabi/lib/thumb/v7e-m+fp/hard\libc_nano.a(lib_a-errno.o)
                              ./Core/Src/syscalls.o (__errno)
c:/st/stm32cubeide_1.12.1/stm32cubeide/plugins/com.st.stm32cube.ide.mcu.externaltools.gnu-tools-for-stm32.10.3-2021.10.win32_1.0.200.202301161003/tools/bin/../lib/gcc/arm-none-eabi/10.3.1/../../../../arm-none-eabi/lib/thumb/v7e-m+fp/hard\libc_nano.a(lib_a-exit.o)
                              c:/st/stm32cubeide_1.12.1/stm32cubeide/plugins/com.st.stm32cube.ide.mcu.externaltools.gnu-tools-for-stm32.10.3-2021.10.win32_1.0.200.202301161003/tools/bin/../lib/gcc/arm-none-eabi/10.3.1/../../../../arm-none-eabi/lib/thumb/v7e-m+fp/hard/crt0.o (exit)
c:/st/stm32cubeide_1.12.1/stm32cubeide/plugins/com.st.stm32cube.ide.mcu.externaltools.gnu-tools-for-stm32.10.3-2021.10.win32_1.0.200.202301161003/tools/bin/../lib/gcc/arm-none-eabi/10.3.1/../../../../arm-none-eabi/lib/thumb/v7e-m+fp/hard\libc_nano.a(lib_a-impure.o)
                              c:/st/stm32cubeide_1.12.1/stm32cubeide/plugins/com.st.stm32cube.ide.mcu.externaltools.gnu-tools-for-stm32.10.3-2021.10.win32_1.0.200.202301161003/tools/bin/../lib/gcc/arm-none-eabi/10.3.1/../../../../arm-none-eabi/lib/thumb/v7e-m+fp/hard\libc_nano.a(lib_a-exit.o) (_global_impure_ptr)
c:/st/stm32cubeide_1.12.1/stm32cubeide/plugins/com.st.stm32cube.ide.mcu.externaltools.gnu-tools-for-stm32.10.3-2021.10.win32_1.0.200.202301161003/tools/bin/../lib/gcc/arm-none-eabi/10.3.1/../../../../arm-none-eabi/lib/thumb/v7e-m+fp/hard\libc_nano.a(lib_a-init.o)
                              c:/st/stm32cubeide_1.12.1/stm32cubeide/plugins/com.st.stm32cube.ide.mcu.externaltools.gnu-tools-for-stm32.10.3-2021.10.win32_1.0.200.202301161003/tools/bin/../lib/gcc/arm-none-eabi/10.3.1/../../../../arm-none-eabi/lib/thumb/v7e-m+fp/hard/crt0.o (__libc_init_array)
c:/st/stm32cubeide_1.12.1/stm32cubeide/plugins/com.st.stm32cube.ide.mcu.externaltools.gnu-tools-for-stm32.10.3-2021.10.win32_1.0.200.202301161003/tools/bin/../lib/gcc/arm-none-eabi/10.3.1/../../../../arm-none-eabi/lib/thumb/v7e-m+fp/hard\libc_nano.a(lib_a-memset.o)
                              c:/st/stm32cubeide_1.12.1/stm32cubeide/plugins/com.st.stm32cube.ide.mcu.externaltools.gnu-tools-for-stm32.10.3-2021.10.win32_1.0.200.202301161003/tools/bin/../lib/gcc/arm-none-eabi/10.3.1/../../../../arm-none-eabi/lib/thumb/v7e-m+fp/hard/crt0.o (memset)
c:/st/stm32cubeide_1.12.1/stm32cubeide/plugins/com.st.stm32cube.ide.mcu.externaltools.gnu-tools-for-stm32.10.3-2021.10.win32_1.0.200.202301161003/tools/bin/../lib/gcc/arm-none-eabi/10.3.1/../../../../arm-none-eabi/lib/thumb/v7e-m+fp/hard\libm.a(lib_a-w_pow.o)
                              ./Core/Src/support.o (pow)
c:/st/stm32cubeide_1.12.1/stm32cubeide/plugins/com.st.stm32cube.ide.mcu.externaltools.gnu-tools-for-stm32.10.3-2021.10.win32_1.0.200.202301161003/tools/bin/../lib/gcc/arm-none-eabi/10.3.1/../../../../arm-none-eabi/lib/thumb/v7e-m+fp/hard\libm.a(lib_a-e_pow.o)
                              c:/st/stm32cubeide_1.12.1/stm32cubeide/plugins/com.st.stm32cube.ide.mcu.externaltools.gnu-tools-for-stm32.10.3-2021.10.win32_1.0.200.202301161003/tools/bin/../lib/gcc/arm-none-eabi/10.3.1/../../../../arm-none-eabi/lib/thumb/v7e-m+fp/hard\libm.a(lib_a-w_pow.o) (__ieee754_pow)
c:/st/stm32cubeide_1.12.1/stm32cubeide/plugins/com.st.stm32cube.ide.mcu.externaltools.gnu-tools-for-stm32.10.3-2021.10.win32_1.0.200.202301161003/tools/bin/../lib/gcc/arm-none-eabi/10.3.1/../../../../arm-none-eabi/lib/thumb/v7e-m+fp/hard\libm.a(lib_a-e_sqrt.o)
                              c:/st/stm32cubeide_1.12.1/stm32cubeide/plugins/com.st.stm32cube.ide.mcu.externaltools.gnu-tools-for-stm32.10.3-2021.10.win32_1.0.200.202301161003/tools/bin/../lib/gcc/arm-none-eabi/10.3.1/../../../../arm-none-eabi/lib/thumb/v7e-m+fp/hard\libm.a(lib_a-e_pow.o) (__ieee754_sqrt)
c:/st/stm32cubeide_1.12.1/stm32cubeide/plugins/com.st.stm32cube.ide.mcu.externaltools.gnu-tools-for-stm32.10.3-2021.10.win32_1.0.200.202301161003/tools/bin/../lib/gcc/arm-none-eabi/10.3.1/../../../../arm-none-eabi/lib/thumb/v7e-m+fp/hard\libm.a(lib_a-math_err.o)
                              c:/st/stm32cubeide_1.12.1/stm32cubeide/plugins/com.st.stm32cube.ide.mcu.externaltools.gnu-tools-for-stm32.10.3-2021.10.win32_1.0.200.202301161003/tools/bin/../lib/gcc/arm-none-eabi/10.3.1/../../../../arm-none-eabi/lib/thumb/v7e-m+fp/hard\libm.a(lib_a-e_pow.o) (__math_uflow)
c:/st/stm32cubeide_1.12.1/stm32cubeide/plugins/com.st.stm32cube.ide.mcu.externaltools.gnu-tools-for-stm32.10.3-2021.10.win32_1.0.200.202301161003/tools/bin/../lib/gcc/arm-none-eabi/10.3.1/../../../../arm-none-eabi/lib/thumb/v7e-m+fp/hard\libm.a(lib_a-s_fabs.o)
[...]
Memory Configuration

Name             Origin             Length             Attributes
RAM              0x0000000020000000 0x0000000000010000 xrw
FLASH            0x0000000008000000 0x0000000000040000 xr
*default*        0x0000000000000000 0xffffffffffffffff

Linker script and memory map

LOAD c:/st/stm32cubeide_1.12.1/stm32cubeide/plugins/com.st.stm32cube.ide.mcu.externaltools.gnu-tools-for-stm32.10.3-2021.10.win32_1.0.200.202301161003/tools/bin/../lib/gcc/arm-none-eabi/10.3.1/thumb/v7e-m+fp/hard/crti.o
LOAD c:/st/stm32cubeide_1.12.1/stm32cubeide/plugins/com.st.stm32cube.ide.mcu.externaltools.gnu-tools-for-stm32.10.3-2021.10.win32_1.0.200.202301161003/tools/bin/../lib/gcc/arm-none-eabi/10.3.1/thumb/v7e-m+fp/hard/crtbegin.o
LOAD c:/st/stm32cubeide_1.12.1/stm32cubeide/plugins/com.st.stm32cube.ide.mcu.externaltools.gnu-tools-for-stm32.10.3-2021.10.win32_1.0.200.202301161003/tools/bin/../lib/gcc/arm-none-eabi/10.3.1/../../../../arm-none-eabi/lib/thumb/v7e-m+fp/hard/crt0.o
LOAD ./Core/Src/ESP8266.o
LOAD ./Core/Src/SDFlash.o
LOAD ./Core/Src/fonts.o
LOAD ./Core/Src/main.o
LOAD ./Core/Src/st7735.o
LOAD ./Core/Src/stm32f4xx_hal_msp.o
LOAD ./Core/Src/stm32f4xx_it.o
LOAD ./Core/Src/support.o
LOAD ./Core/Src/syscalls.o
LOAD ./Core/Src/sysmem.o
LOAD ./Core/Src/system_stm32f4xx.o
LOAD ./Core/Startup/startup_stm32f401vctx.o
LOAD ./Drivers/STM32F4xx_HAL_Driver/Src/stm32f4xx_hal.o
LOAD ./Drivers/STM32F4xx_HAL_Driver/Src/stm32f4xx_hal_cortex.o
LOAD ./Drivers/STM32F4xx_HAL_Driver/Src/stm32f4xx_hal_dma.o
LOAD ./Drivers/STM32F4xx_HAL_Driver/Src/stm32f4xx_hal_dma_ex.o
LOAD ./Drivers/STM32F4xx_HAL_Driver/Src/stm32f4xx_hal_exti.o
LOAD ./Drivers/STM32F4xx_HAL_Driver/Src/stm32f4xx_hal_flash.o
LOAD ./Drivers/STM32F4xx_HAL_Driver/Src/stm32f4xx_hal_flash_ex.o
LOAD ./Drivers/STM32F4xx_HAL_Driver/Src/stm32f4xx_hal_flash_ramfunc.o
LOAD ./Drivers/STM32F4xx_HAL_Driver/Src/stm32f4xx_hal_gpio.o
LOAD ./Drivers/STM32F4xx_HAL_Driver/Src/stm32f4xx_hal_pwr.o
LOAD ./Drivers/STM32F4xx_HAL_Driver/Src/stm32f4xx_hal_pwr_ex.o
LOAD ./Drivers/STM32F4xx_HAL_Driver/Src/stm32f4xx_hal_rcc.o
LOAD ./Drivers/STM32F4xx_HAL_Driver/Src/stm32f4xx_hal_rcc_ex.o
LOAD ./Drivers/STM32F4xx_HAL_Driver/Src/stm32f4xx_hal_spi.o
LOAD ./Drivers/STM32F4xx_HAL_Driver/Src/stm32f4xx_hal_tim.o
LOAD ./Drivers/STM32F4xx_HAL_Driver/Src/stm32f4xx_hal_tim_ex.o
LOAD ./FATFS/App/fatfs.o
LOAD ./FATFS/Target/user_diskio.o
LOAD ./Middlewares/Third_Party/FatFs/src/diskio.o
LOAD ./Middlewares/Third_Party/FatFs/src/ff.o
LOAD ./Middlewares/Third_Party/FatFs/src/ff_gen_drv.o
LOAD ./Middlewares/Third_Party/FatFs/src/option/syscall.o
START GROUP
LOAD c:/st/stm32cubeide_1.12.1/stm32cubeide/plugins/com.st.stm32cube.ide.mcu.externaltools.gnu-tools-for-stm32.10.3-2021.10.win32_1.0.200.202301161003/tools/bin/../lib/gcc/arm-none-eabi/10.3.1/../../../../arm-none-eabi/lib/thumb/v7e-m+fp/hard\libc_nano.a
LOAD c:/st/stm32cubeide_1.12.1/stm32cubeide/plugins/com.st.stm32cube.ide.mcu.externaltools.gnu-tools-for-stm32.10.3-2021.10.win32_1.0.200.202301161003/tools/bin/../lib/gcc/arm-none-eabi/10.3.1/../../../../arm-none-eabi/lib/thumb/v7e-m+fp/hard\libm.a
END GROUP
START GROUP
LOAD c:/st/stm32cubeide_1.12.1/stm32cubeide/plugins/com.st.stm32cube.ide.mcu.externaltools.gnu-tools-for-stm32.10.3-2021.10.win32_1.0.200.202301161003/tools/bin/../lib/gcc/arm-none-eabi/10.3.1/thumb/v7e-m+fp/hard\libgcc.a
LOAD c:/st/stm32cubeide_1.12.1/stm32cubeide/plugins/com.st.stm32cube.ide.mcu.externaltools.gnu-tools-for-stm32.10.3-2021.10.win32_1.0.200.202301161003/tools/bin/../lib/gcc/arm-none-eabi/10.3.1/../../../../arm-none-eabi/lib/thumb/v7e-m+fp/hard\libc_nano.a
END GROUP
START GROUP
LOAD c:/st/stm32cubeide_1.12.1/stm32cubeide/plugins/com.st.stm32cube.ide.mcu.externaltools.gnu-tools-for-stm32.10.3-2021.10.win32_1.0.200.202301161003/tools/bin/../lib/gcc/arm-none-eabi/10.3.1/thumb/v7e-m+fp/hard\libgcc.a
LOAD c:/st/stm32cubeide_1.12.1/stm32cubeide/plugins/com.st.stm32cube.ide.mcu.externaltools.gnu-tools-for-stm32.10.3-2021.10.win32_1.0.200.202301161003/tools/bin/../lib/gcc/arm-none-eabi/10.3.1/../../../../arm-none-eabi/lib/thumb/v7e-m+fp/hard\libc_nano.a
LOAD c:/st/stm32cubeide_1.12.1/stm32cubeide/plugins/com.st.stm32cube.ide.mcu.externaltools.gnu-tools-for-stm32.10.3-2021.10.win32_1.0.200.202301161003/tools/bin/../lib/gcc/arm-none-eabi/10.3.1/../../../../arm-none-eabi/lib/thumb/v7e-m+fp/hard\libnosys.a
END GROUP
START GROUP
LOAD c:/st/stm32cubeide_1.12.1/stm32cubeide/plugins/com.st.stm32cube.ide.mcu.externaltools.gnu-tools-for-stm32.10.3-2021.10.win32_1.0.200.202301161003/tools/bin/../lib/gcc/arm-none-eabi/10.3.1/thumb/v7e-m+fp/hard\libgcc.a
LOAD c:/st/stm32cubeide_1.12.1/stm32cubeide/plugins/com.st.stm32cube.ide.mcu.externaltools.gnu-tools-for-stm32.10.3-2021.10.win32_1.0.200.202301161003/tools/bin/../lib/gcc/arm-none-eabi/10.3.1/../../../../arm-none-eabi/lib/thumb/v7e-m+fp/hard\libc_nano.a
LOAD c:/st/stm32cubeide_1.12.1/stm32cubeide/plugins/com.st.stm32cube.ide.mcu.externaltools.gnu-tools-for-stm32.10.3-2021.10.win32_1.0.200.202301161003/tools/bin/../lib/gcc/arm-none-eabi/10.3.1/../../../../arm-none-eabi/lib/thumb/v7e-m+fp/hard\libnosys.a
END GROUP
LOAD c:/st/stm32cubeide_1.12.1/stm32cubeide/plugins/com.st.stm32cube.ide.mcu.externaltools.gnu-tools-for-stm32.10.3-2021.10.win32_1.0.200.202301161003/tools/bin/../lib/gcc/arm-none-eabi/10.3.1/thumb/v7e-m+fp/hard/crtend.o
LOAD c:/st/stm32cubeide_1.12.1/stm32cubeide/plugins/com.st.stm32cube.ide.mcu.externaltools.gnu-tools-for-stm32.10.3-2021.10.win32_1.0.200.202301161003/tools/bin/../lib/gcc/arm-none-eabi/10.3.1/thumb/v7e-m+fp/hard/crtn.o
                0x0000000020010000                _estack = (ORIGIN (RAM) + LENGTH (RAM))
                0x0000000000000400                _Min_Heap_Size = 0x400
                0x0000000000000800                _Min_Stack_Size = 0x800

.isr_vector     0x0000000008000000      0x194
                0x0000000008000000                . = ALIGN (0x4)
 *(.isr_vector)
 .isr_vector    0x0000000008000000      0x194 ./Core/Startup/startup_stm32f401vctx.o
                0x0000000008000000                g_pfnVectors
                0x0000000008000194                . = ALIGN (0x4)

.text           0x0000000008000194     0x26c0
                0x0000000008000194                . = ALIGN (0x4)
 *(.text)
 .text          0x0000000008000194       0x40 c:/st/stm32cubeide_1.12.1/stm32cubeide/plugins/com.st.stm32cube.ide.mcu.externaltools.gnu-tools-for-stm32.10.3-2021.10.win32_1.0.200.202301161003/tools/bin/../lib/gcc/arm-none-eabi/10.3.1/thumb/v7e-m+fp/hard/crtbegin.o
 .text          0x00000000080001d4       0x30 c:/st/stm32cubeide_1.12.1/stm32cubeide/plugins/com.st.stm32cube.ide.mcu.externaltools.gnu-tools-for-stm32.10.3-2021.10.win32_1.0.200.202301161003/tools/bin/../lib/gcc/arm-none-eabi/10.3.1/thumb/v7e-m+fp/hard\libgcc.a(_aeabi_uldivmod.o)
                0x00000000080001d4                __aeabi_uldivmod
 .text          0x0000000008000204      0x2d0 c:/st/stm32cubeide_1.12.1/stm32cubeide/plugins/com.st.stm32cube.ide.mcu.externaltools.gnu-tools-for-stm32.10.3-2021.10.win32_1.0.200.202301161003/tools/bin/../lib/gcc/arm-none-eabi/10.3.1/thumb/v7e-m+fp/hard\libgcc.a(_udivmoddi4.o)
                0x0000000008000204                __udivmoddi4
 .text          0x00000000080004d4        0x4 c:/st/stm32cubeide_1.12.1/stm32cubeide/plugins/com.st.stm32cube.ide.mcu.externaltools.gnu-tools-for-stm32.10.3-2021.10.win32_1.0.200.202301161003/tools/bin/../lib/gcc/arm-none-eabi/10.3.1/thumb/v7e-m+fp/hard\libgcc.a(_dvmd_tls.o)
                0x00000000080004d4                __aeabi_idiv0
                0x00000000080004d4                __aeabi_ldiv0
 *(.text*)
 .text.__NVIC_EnableIRQ
                0x00000000080004d8       0x3c ./Core/Src/ESP8266.o
 .text.__NVIC_SetPriority
                0x0000000008000514       0x54 ./Core/Src/ESP8266.o
 .text.USARTinit
                0x0000000008000568       0xd0 ./Core/Src/ESP8266.o
                0x0000000008000568                USARTinit
 .text.__NVIC_EnableIRQ
                0x0000000008000638       0x3c ./Core/Src/SDFlash.o
 .text.SPI2_Init
                0x0000000008000674       0xcc ./Core/Src/SDFlash.o
                0x0000000008000674                SPI2_Init
 .text.main     0x0000000008000740       0x94 ./Core/Src/main.o
                0x0000000008000740                main
 .text.SystemClock_Config
                0x00000000080007d4       0xd4 ./Core/Src/main.o
                0x00000000080007d4                SystemClock_Config
 .text.MX_SPI1_Init
                0x00000000080008a8       0x70 ./Core/Src/main.o
 .text.MX_GPIO_Init
                0x0000000008000918       0x88 ./Core/Src/main.o
 .text.Error_Handler
                0x00000000080009a0        0xa ./Core/Src/main.o
                0x00000000080009a0                Error_Handler
 *fill*         0x00000000080009aa        0x2 
 .text.ST7735_GPIO_Init
                0x00000000080009ac       0x68 ./Core/Src/st7735.o
 .text.ST7735_Reset
                0x0000000008000a14       0x2c ./Core/Src/st7735.o
 .text.ST7735_WriteCommand
                0x0000000008000a40       0x34 ./Core/Src/st7735.o
 .text.ST7735_WriteData
                0x0000000008000a74       0x38 ./Core/Src/st7735.o
 .text.ST7735_ExecuteCommandList
                0x0000000008000aac       0x92 ./Core/Src/st7735.o
 *fill*         0x0000000008000b3e        0x2 
 .text.ST7735_SetAddressWindow
                0x0000000008000b40       0x90 ./Core/Src/st7735.o
 .text.ST7735_WriteChar
                0x0000000008000bd0      0x100 ./Core/Src/st7735.o
 .text.ST7735_Init
                0x0000000008000cd0       0x88 ./Core/Src/st7735.o
                0x0000000008000cd0                ST7735_Init
 .text.ST7735_DrawString
                0x0000000008000d58       0xd8 ./Core/Src/st7735.o
                0x0000000008000d58                ST7735_DrawString
 .text.ST7735_FillRectangle
                0x0000000008000e30      0x124 ./Core/Src/st7735.o
                0x0000000008000e30                ST7735_FillRectangle
 .text.ST7735_FillScreen
                0x0000000008000f54       0x38 ./Core/Src/st7735.o
                0x0000000008000f54                ST7735_FillScreen
 .text.HAL_MspInit
                0x0000000008000f8c       0x50 ./Core/Src/stm32f4xx_hal_msp.o
                0x0000000008000f8c                HAL_MspInit
 .text.HAL_SPI_MspInit
                0x0000000008000fdc       0x90 ./Core/Src/stm32f4xx_hal_msp.o
                0x0000000008000fdc                HAL_SPI_MspInit
 .text.NMI_Handler
                0x000000000800106c        0x6 ./Core/Src/stm32f4xx_it.o
                0x000000000800106c                NMI_Handler
 .text.HardFault_Handler
                0x0000000008001072        0x6 ./Core/Src/stm32f4xx_it.o
                0x0000000008001072                HardFault_Handler
 .text.MemManage_Handler
                0x0000000008001078        0x6 ./Core/Src/stm32f4xx_it.o
                0x0000000008001078                MemManage_Handler
 .text.BusFault_Handler
                0x000000000800107e        0x6 ./Core/Src/stm32f4xx_it.o
                0x000000000800107e                BusFault_Handler
 .text.UsageFault_Handler
                0x0000000008001084        0x6 ./Core/Src/stm32f4xx_it.o
                0x0000000008001084                UsageFault_Handler
 .text.SVC_Handler
                0x000000000800108a        0xe ./Core/Src/stm32f4xx_it.o
                0x000000000800108a                SVC_Handler
 .text.DebugMon_Handler
                0x0000000008001098        0xe ./Core/Src/stm32f4xx_it.o
                0x0000000008001098                DebugMon_Handler
 .text.PendSV_Handler
                0x00000000080010a6        0xe ./Core/Src/stm32f4xx_it.o
                0x00000000080010a6                PendSV_Handler
 .text.SysTick_Handler
                0x00000000080010b4        0xc ./Core/Src/stm32f4xx_it.o
                0x00000000080010b4                SysTick_Handler
 .text.USART2_IRQHandler
                0x00000000080010c0       0x68 ./Core/Src/stm32f4xx_it.o
                0x00000000080010c0                USART2_IRQHandler
 .text.SPI2_IRQHandler
                0x0000000008001128       0x9c ./Core/Src/stm32f4xx_it.o
                0x0000000008001128                SPI2_IRQHandler
 .text.SystemInit
                0x00000000080011c4       0x24 ./Core/Src/system_stm32f4xx.o
                0x00000000080011c4                SystemInit
 .text.Reset_Handler
                0x00000000080011e8       0x50 ./Core/Startup/startup_stm32f401vctx.o
                0x00000000080011e8                Reset_Handler
 .text.Default_Handler
                0x0000000008001238        0x2 ./Core/Startup/startup_stm32f401vctx.o
                0x0000000008001238                RTC_Alarm_IRQHandler
                0x0000000008001238                EXTI2_IRQHandler
                0x0000000008001238                SPI4_IRQHandler
                0x0000000008001238                TIM1_CC_IRQHandler
                0x0000000008001238                DMA2_Stream5_IRQHandler
                0x0000000008001238                DMA1_Stream5_IRQHandler
                0x0000000008001238                PVD_IRQHandler
                0x0000000008001238                SDIO_IRQHandler
                0x0000000008001238                TAMP_STAMP_IRQHandler
                0x0000000008001238                EXTI3_IRQHandler
                0x0000000008001238                TIM1_UP_TIM10_IRQHandler
                0x0000000008001238                I2C3_ER_IRQHandler
                0x0000000008001238                EXTI0_IRQHandler
                0x0000000008001238                I2C2_EV_IRQHandler
                0x0000000008001238                DMA1_Stream2_IRQHandler
                0x0000000008001238                FPU_IRQHandler
                0x0000000008001238                DMA2_Stream2_IRQHandler
                0x0000000008001238                SPI1_IRQHandler
                0x0000000008001238                TIM1_BRK_TIM9_IRQHandler
                0x0000000008001238                DMA2_Stream3_IRQHandler
                0x0000000008001238                USART6_IRQHandler
                0x0000000008001238                DMA2_Stream0_IRQHandler
                0x0000000008001238                TIM4_IRQHandler
                0x0000000008001238                I2C1_EV_IRQHandler
                0x0000000008001238                DMA1_Stream6_IRQHandler
                0x0000000008001238                DMA1_Stream1_IRQHandler
                0x0000000008001238                TIM3_IRQHandler
                0x0000000008001238                RCC_IRQHandler
                0x0000000008001238                Default_Handler
                0x0000000008001238                EXTI15_10_IRQHandler
                0x0000000008001238                ADC_IRQHandler
                0x0000000008001238                DMA1_Stream7_IRQHandler
                0x0000000008001238                TIM5_IRQHandler
                0x0000000008001238                DMA2_Stream7_IRQHandler
                0x0000000008001238                I2C3_EV_IRQHandler
                0x0000000008001238                EXTI9_5_IRQHandler
                0x0000000008001238                RTC_WKUP_IRQHandler
                0x0000000008001238                DMA1_Stream0_IRQHandler
                0x0000000008001238                EXTI4_IRQHandler
                0x0000000008001238                WWDG_IRQHandler
                0x0000000008001238                TIM2_IRQHandler
                0x0000000008001238                OTG_FS_WKUP_IRQHandler
                0x0000000008001238                TIM1_TRG_COM_TIM11_IRQHandler
                0x0000000008001238                EXTI1_IRQHandler
                0x0000000008001238                I2C2_ER_IRQHandler
                0x0000000008001238                DMA2_Stream1_IRQHandler
                0x0000000008001238                FLASH_IRQHandler
                0x0000000008001238                DMA2_Stream4_IRQHandler
                0x0000000008001238                USART1_IRQHandler
                0x0000000008001238                OTG_FS_IRQHandler
                0x0000000008001238                SPI3_IRQHandler
                0x0000000008001238                DMA1_Stream4_IRQHandler
                0x0000000008001238                I2C1_ER_IRQHandler
                0x0000000008001238                DMA2_Stream6_IRQHandler
                0x0000000008001238                DMA1_Stream3_IRQHandler
 *fill*         0x000000000800123a        0x2 
 .text.HAL_Init
                0x000000000800123c       0x44 ./Drivers/STM32F4xx_HAL_Driver/Src/stm32f4xx_hal.o
                0x000000000800123c                HAL_Init
 .text.HAL_InitTick
                0x0000000008001280       0x60 ./Drivers/STM32F4xx_HAL_Driver/Src/stm32f4xx_hal.o
                0x0000000008001280                HAL_InitTick
 .text.HAL_IncTick
                0x00000000080012e0       0x28 ./Drivers/STM32F4xx_HAL_Driver/Src/stm32f4xx_hal.o
                0x00000000080012e0                HAL_IncTick
 .text.HAL_GetTick
                0x0000000008001308       0x18 ./Drivers/STM32F4xx_HAL_Driver/Src/stm32f4xx_hal.o
                0x0000000008001308                HAL_GetTick
 .text.HAL_Delay
                0x0000000008001320       0x48 ./Drivers/STM32F4xx_HAL_Driver/Src/stm32f4xx_hal.o
                0x0000000008001320                HAL_Delay
 .text.__NVIC_SetPriorityGrouping
                0x0000000008001368       0x48 ./Drivers/STM32F4xx_HAL_Driver/Src/stm32f4xx_hal_cortex.o
 .text.__NVIC_GetPriorityGrouping
                0x00000000080013b0       0x1c ./Drivers/STM32F4xx_HAL_Driver/Src/stm32f4xx_hal_cortex.o
 .text.__NVIC_SetPriority
                0x00000000080013cc       0x54 ./Drivers/STM32F4xx_HAL_Driver/Src/stm32f4xx_hal_cortex.o
 .text.NVIC_EncodePriority
                0x0000000008001420       0x66 ./Drivers/STM32F4xx_HAL_Driver/Src/stm32f4xx_hal_cortex.o
 *fill*         0x0000000008001486        0x2 
 .text.SysTick_Config
                0x0000000008001488       0x44 ./Drivers/STM32F4xx_HAL_Driver/Src/stm32f4xx_hal_cortex.o
 .text.HAL_NVIC_SetPriorityGrouping
                0x00000000080014cc       0x16 ./Drivers/STM32F4xx_HAL_Driver/Src/stm32f4xx_hal_cortex.o
                0x00000000080014cc                HAL_NVIC_SetPriorityGrouping
 .text.HAL_NVIC_SetPriority
                0x00000000080014e2       0x38 ./Drivers/STM32F4xx_HAL_Driver/Src/stm32f4xx_hal_cortex.o
                0x00000000080014e2                HAL_NVIC_SetPriority
 .text.HAL_SYSTICK_Config
                0x000000000800151a       0x18 ./Drivers/STM32F4xx_HAL_Driver/Src/stm32f4xx_hal_cortex.o
                0x000000000800151a                HAL_SYSTICK_Config
 *fill*         0x0000000008001532        0x2 
 .text.HAL_GPIO_Init
                0x0000000008001534      0x308 ./Drivers/STM32F4xx_HAL_Driver/Src/stm32f4xx_hal_gpio.o
                0x0000000008001534                HAL_GPIO_Init
 .text.HAL_GPIO_WritePin
                0x000000000800183c       0x32 ./Drivers/STM32F4xx_HAL_Driver/Src/stm32f4xx_hal_gpio.o
                0x000000000800183c                HAL_GPIO_WritePin
 *fill*         0x000000000800186e        0x2 
 .text.HAL_RCC_OscConfig
                0x0000000008001870      0x4f0 ./Drivers/STM32F4xx_HAL_Driver/Src/stm32f4xx_hal_rcc.o
                0x0000000008001870                HAL_RCC_OscConfig
 .text.HAL_RCC_ClockConfig
                0x0000000008001d60      0x1cc ./Drivers/STM32F4xx_HAL_Driver/Src/stm32f4xx_hal_rcc.o
                0x0000000008001d60                HAL_RCC_ClockConfig
 .text.HAL_RCC_GetSysClockFreq
                0x0000000008001f2c      0x20c ./Drivers/STM32F4xx_HAL_Driver/Src/stm32f4xx_hal_rcc.o
                0x0000000008001f2c                HAL_RCC_GetSysClockFreq
 .text.HAL_SPI_Init
                0x0000000008002138      0x112 ./Drivers/STM32F4xx_HAL_Driver/Src/stm32f4xx_hal_spi.o
                0x0000000008002138                HAL_SPI_Init
 .text.HAL_SPI_Transmit
                0x000000000800224a      0x278 ./Drivers/STM32F4xx_HAL_Driver/Src/stm32f4xx_hal_spi.o
                0x000000000800224a                HAL_SPI_Transmit
 *fill*         0x00000000080024c2        0x2 
 .text.SPI_WaitFlagStateUntilTimeout
                0x00000000080024c4      0x110 ./Drivers/STM32F4xx_HAL_Driver/Src/stm32f4xx_hal_spi.o
 .text.SPI_EndRxTxTransaction
                0x00000000080025d4       0x84 ./Drivers/STM32F4xx_HAL_Driver/Src/stm32f4xx_hal_spi.o
 .text.MX_FATFS_Init
                0x0000000008002658       0x24 ./FATFS/App/fatfs.o
                0x0000000008002658                MX_FATFS_Init
 .text.USER_initialize
                0x000000000800267c       0x28 ./FATFS/Target/user_diskio.o
                0x000000000800267c                USER_initialize
 .text.USER_status
                0x00000000080026a4       0x28 ./FATFS/Target/user_diskio.o
                0x00000000080026a4                USER_status
 .text.USER_read
                0x00000000080026cc       0x1e ./FATFS/Target/user_diskio.o
                0x00000000080026cc                USER_read
 .text.USER_write
                0x00000000080026ea       0x1e ./FATFS/Target/user_diskio.o
                0x00000000080026ea                USER_write
 .text.USER_ioctl
                0x0000000008002708       0x22 ./FATFS/Target/user_diskio.o
                0x0000000008002708                USER_ioctl
 *fill*         0x000000000800272a        0x2 
 .text.FATFS_LinkDriverEx
                0x000000000800272c       0x98 ./Middlewares/Third_Party/FatFs/src/ff_gen_drv.o
                0x000000000800272c                FATFS_LinkDriverEx
 .text.FATFS_LinkDriver
                0x00000000080027c4       0x1e ./Middlewares/Third_Party/FatFs/src/ff_gen_drv.o
                0x00000000080027c4                FATFS_LinkDriver
 *fill*         0x00000000080027e2        0x2 
 .text.__libc_init_array
                0x00000000080027e4       0x48 c:/st/stm32cubeide_1.12.1/stm32cubeide/plugins/com.st.stm32cube.ide.mcu.externaltools.gnu-tools-for-stm32.10.3-2021.10.win32_1.0.200.202301161003/tools/bin/../lib/gcc/arm-none-eabi/10.3.1/../../../../arm-none-eabi/lib/thumb/v7e-m+fp/hard\libc_nano.a(lib_a-init.o)
                0x00000000080027e4                __libc_init_array
 .text.memset   0x000000000800282c       0x10 c:/st/stm32cubeide_1.12.1/stm32cubeide/plugins/com.st.stm32cube.ide.mcu.externaltools.gnu-tools-for-stm32.10.3-2021.10.win32_1.0.200.202301161003/tools/bin/../lib/gcc/arm-none-eabi/10.3.1/../../../../arm-none-eabi/lib/thumb/v7e-m+fp/hard\libc_nano.a(lib_a-memset.o)
                0x000000000800282c                memset
 *(.glue_7)
 .glue_7        0x000000000800283c        0x0 linker stubs
 *(.glue_7t)
 .glue_7t       0x000000000800283c        0x0 linker stubs
 *(.eh_frame)
 .eh_frame      0x000000000800283c        0x0 c:/st/stm32cubeide_1.12.1/stm32cubeide/plugins/com.st.stm32cube.ide.mcu.externaltools.gnu-tools-for-stm32.10.3-2021.10.win32_1.0.200.202301161003/tools/bin/../lib/gcc/arm-none-eabi/10.3.1/thumb/v7e-m+fp/hard/crtbegin.o
 *(.init)
 .init          0x000000000800283c        0x4 c:/st/stm32cubeide_1.12.1/stm32cubeide/plugins/com.st.stm32cube.ide.mcu.externaltools.gnu-tools-for-stm32.10.3-2021.10.win32_1.0.200.202301161003/tools/bin/../lib/gcc/arm-none-eabi/10.3.1/thumb/v7e-m+fp/hard/crti.o
                0x000000000800283c                _init
 .init          0x0000000008002840        0x8 c:/st/stm32cubeide_1.12.1/stm32cubeide/plugins/com.st.stm32cube.ide.mcu.externaltools.gnu-tools-for-stm32.10.3-2021.10.win32_1.0.200.202301161003/tools/bin/../lib/gcc/arm-none-eabi/10.3.1/thumb/v7e-m+fp/hard/crtn.o
 *(.fini)
 .fini          0x0000000008002848        0x4 c:/st/stm32cubeide_1.12.1/stm32cubeide/plugins/com.st.stm32cube.ide.mcu.externaltools.gnu-tools-for-stm32.10.3-2021.10.win32_1.0.200.202301161003/tools/bin/../lib/gcc/arm-none-eabi/10.3.1/thumb/v7e-m+fp/hard/crti.o
                0x0000000008002848                _fini
 .fini          0x000000000800284c        0x8 c:/st/stm32cubeide_1.12.1/stm32cubeide/plugins/com.st.stm32cube.ide.mcu.externaltools.gnu-tools-for-stm32.10.3-2021.10.win32_1.0.200.202301161003/tools/bin/../lib/gcc/arm-none-eabi/10.3.1/thumb/v7e-m+fp/hard/crtn.o
                0x0000000008002854                . = ALIGN (0x4)
                0x0000000008002854                _etext = .

.vfp11_veneer   0x0000000008002854        0x0
 .vfp11_veneer  0x0000000008002854        0x0 linker stubs

.v4_bx          0x0000000008002854        0x0
 .v4_bx         0x0000000008002854        0x0 linker stubs

.iplt           0x0000000008002854        0x0
 .iplt          0x0000000008002854        0x0 c:/st/stm32cubeide_1.12.1/stm32cubeide/plugins/com.st.stm32cube.ide.mcu.externaltools.gnu-tools-for-stm32.10.3-2021.10.win32_1.0.200.202301161003/tools/bin/../lib/gcc/arm-none-eabi/10.3.1/thumb/v7e-m+fp/hard/crtbegin.o

.rodata         0x0000000008002854      0xdec
                0x0000000008002854                . = ALIGN (0x4)
 *(.rodata)
 .rodata        0x0000000008002854        0x7 ./Core/Src/main.o
 *(.rodata*)
 *fill*         0x000000000800285b        0x1 
 .rodata.Font11x18
                0x000000000800285c      0xd5c ./Core/Src/fonts.o
 .rodata.init_cmds1
                0x00000000080035b8       0x3b ./Core/Src/st7735.o
 *fill*         0x00000000080035f3        0x1 
 .rodata.init_cmds2
                0x00000000080035f4        0xd ./Core/Src/st7735.o
 *fill*         0x0000000008003601        0x3 
 .rodata.init_cmds3
                0x0000000008003604       0x2b ./Core/Src/st7735.o
 *fill*         0x000000000800362f        0x1 
 .rodata.AHBPrescTable
                0x0000000008003630       0x10 ./Core/Src/system_stm32f4xx.o
                0x0000000008003630                AHBPrescTable
                0x0000000008003640                . = ALIGN (0x4)

.ARM.extab      0x0000000008003640        0x0
                0x0000000008003640                . = ALIGN (0x4)
 *(.ARM.extab* .gnu.linkonce.armextab.*)
                0x0000000008003640                . = ALIGN (0x4)

.ARM            0x0000000008003640        0x8
                0x0000000008003640                . = ALIGN (0x4)
                0x0000000008003640                __exidx_start = .
 *(.ARM.exidx*)
 .ARM.exidx     0x0000000008003640        0x8 c:/st/stm32cubeide_1.12.1/stm32cubeide/plugins/com.st.stm32cube.ide.mcu.externaltools.gnu-tools-for-stm32.10.3-2021.10.win32_1.0.200.202301161003/tools/bin/../lib/gcc/arm-none-eabi/10.3.1/thumb/v7e-m+fp/hard\libgcc.a(_udivmoddi4.o)
                0x0000000008003648                __exidx_end = .
                0x0000000008003648                . = ALIGN (0x4)

.rel.dyn        0x0000000008003648        0x0
 .rel.iplt      0x0000000008003648        0x0 c:/st/stm32cubeide_1.12.1/stm32cubeide/plugins/com.st.stm32cube.ide.mcu.externaltools.gnu-tools-for-stm32.10.3-2021.10.win32_1.0.200.202301161003/tools/bin/../lib/gcc/arm-none-eabi/10.3.1/thumb/v7e-m+fp/hard/crtbegin.o

.preinit_array  0x0000000008003648        0x0
                0x0000000008003648                . = ALIGN (0x4)
                0x0000000008003648                PROVIDE (__preinit_array_start = .)
 *(.preinit_array*)
                0x0000000008003648                PROVIDE (__preinit_array_end = .)
                0x0000000008003648                . = ALIGN (0x4)

.init_array     0x0000000008003648        0x4
                0x0000000008003648                . = ALIGN (0x4)
                0x0000000008003648                PROVIDE (__init_array_start = .)
 *(SORT_BY_NAME(.init_array.*))
 *(.init_array*)
 .init_array    0x0000000008003648        0x4 c:/st/stm32cubeide_1.12.1/stm32cubeide/plugins/com.st.stm32cube.ide.mcu.externaltools.gnu-tools-for-stm32.10.3-2021.10.win32_1.0.200.202301161003/tools/bin/../lib/gcc/arm-none-eabi/10.3.1/thumb/v7e-m+fp/hard/crtbegin.o
                0x000000000800364c                PROVIDE (__init_array_end = .)
                0x000000000800364c                . = ALIGN (0x4)

.fini_array     0x000000000800364c        0x4
                0x000000000800364c                . = ALIGN (0x4)
                [!provide]                        PROVIDE (__fini_array_start = .)
 *(SORT_BY_NAME(.fini_array.*))
 *(.fini_array*)
 .fini_array    0x000000000800364c        0x4 c:/st/stm32cubeide_1.12.1/stm32cubeide/plugins/com.st.stm32cube.ide.mcu.externaltools.gnu-tools-for-stm32.10.3-2021.10.win32_1.0.200.202301161003/tools/bin/../lib/gcc/arm-none-eabi/10.3.1/thumb/v7e-m+fp/hard/crtbegin.o
                [!provide]                        PROVIDE (__fini_array_end = .)
                0x0000000008003650                . = ALIGN (0x4)
                0x0000000008003650                _sidata = LOADADDR (.data)

.data           0x0000000020000000       0x2c load address 0x0000000008003650
                0x0000000020000000                . = ALIGN (0x4)
                0x0000000020000000                _sdata = .
 *(.data)
 *(.data*)
 .data.Font_11x18
                0x0000000020000000        0x8 ./Core/Src/fonts.o
                0x0000000020000000                Font_11x18
 .data._height  0x0000000020000008        0x2 ./Core/Src/st7735.o
 .data._width   0x000000002000000a        0x2 ./Core/Src/st7735.o
 .data.SystemCoreClock
                0x000000002000000c        0x4 ./Core/Src/system_stm32f4xx.o
                0x000000002000000c                SystemCoreClock
 .data.uwTickPrio
                0x0000000020000010        0x4 ./Drivers/STM32F4xx_HAL_Driver/Src/stm32f4xx_hal.o
                0x0000000020000010                uwTickPrio
 .data.uwTickFreq
                0x0000000020000014        0x1 ./Drivers/STM32F4xx_HAL_Driver/Src/stm32f4xx_hal.o
                0x0000000020000014                uwTickFreq
 .data.Stat     0x0000000020000015        0x1 ./FATFS/Target/user_diskio.o
 *fill*         0x0000000020000016        0x2 
 .data.USER_Driver
                0x0000000020000018       0x14 ./FATFS/Target/user_diskio.o
                0x0000000020000018                USER_Driver
 *(.RamFunc)
 *(.RamFunc*)
                0x000000002000002c                . = ALIGN (0x4)
                0x000000002000002c                _edata = .

.igot.plt       0x000000002000002c        0x0 load address 0x000000000800367c
 .igot.plt      0x000000002000002c        0x0 c:/st/stm32cubeide_1.12.1/stm32cubeide/plugins/com.st.stm32cube.ide.mcu.externaltools.gnu-tools-for-stm32.10.3-2021.10.win32_1.0.200.202301161003/tools/bin/../lib/gcc/arm-none-eabi/10.3.1/thumb/v7e-m+fp/hard/crtbegin.o
                0x000000002000002c                . = ALIGN (0x4)

.bss            0x000000002000002c      0x2fc load address 0x000000000800367c
                0x000000002000002c                _sbss = .
                0x000000002000002c                __bss_start__ = _sbss
 *(.bss)
 .bss           0x000000002000002c       0x1c c:/st/stm32cubeide_1.12.1/stm32cubeide/plugins/com.st.stm32cube.ide.mcu.externaltools.gnu-tools-for-stm32.10.3-2021.10.win32_1.0.200.202301161003/tools/bin/../lib/gcc/arm-none-eabi/10.3.1/thumb/v7e-m+fp/hard/crtbegin.o
 *(.bss*)
 .bss.buffer    0x0000000020000048       0x64 ./Core/Src/ESP8266.o
                0x0000000020000048                buffer
 .bss.buffer_index
                0x00000000200000ac        0x4 ./Core/Src/ESP8266.o
                0x00000000200000ac                buffer_index
 .bss.hspi1     0x00000000200000b0       0x58 ./Core/Src/main.o
                0x00000000200000b0                hspi1
 .bss._xstart   0x0000000020000108        0x1 ./Core/Src/st7735.o
 .bss._ystart   0x0000000020000109        0x1 ./Core/Src/st7735.o
 *fill*         0x000000002000010a        0x2 
 .bss.txBuffer  0x000000002000010c      0x100 ./Core/Src/stm32f4xx_it.o
                0x000000002000010c                txBuffer
 .bss.rxBuffer  0x000000002000020c      0x100 ./Core/Src/stm32f4xx_it.o
                0x000000002000020c                rxBuffer
 .bss.txHead    0x000000002000030c        0x1 ./Core/Src/stm32f4xx_it.o
                0x000000002000030c                txHead
 .bss.txTail    0x000000002000030d        0x1 ./Core/Src/stm32f4xx_it.o
                0x000000002000030d                txTail
 .bss.rxHead    0x000000002000030e        0x1 ./Core/Src/stm32f4xx_it.o
                0x000000002000030e                rxHead
 *fill*         0x000000002000030f        0x1 
 .bss.uwTick    0x0000000020000310        0x4 ./Drivers/STM32F4xx_HAL_Driver/Src/stm32f4xx_hal.o
                0x0000000020000310                uwTick
 .bss.retUSER   0x0000000020000314        0x1 ./FATFS/App/fatfs.o
                0x0000000020000314                retUSER
 *fill*         0x0000000020000315        0x3 
 .bss.USERPath  0x0000000020000318        0x4 ./FATFS/App/fatfs.o
                0x0000000020000318                USERPath
 .bss.disk      0x000000002000031c        0xc ./Middlewares/Third_Party/FatFs/src/ff_gen_drv.o
                0x000000002000031c                disk
 *(COMMON)
                0x0000000020000328                . = ALIGN (0x4)
                0x0000000020000328                _ebss = .
                0x0000000020000328                __bss_end__ = _ebss

._user_heap_stack
                0x0000000020000328      0xc00 load address 0x000000000800367c
                0x0000000020000328                . = ALIGN (0x8)
                [!provide]                        PROVIDE (end = .)
                0x0000000020000328                PROVIDE (_end = .)
                0x0000000020000728                . = (. + _Min_Heap_Size)
 *fill*         0x0000000020000328      0x400 
                0x0000000020000f28                . = (. + _Min_Stack_Size)
 *fill*         0x0000000020000728      0x800 
                0x0000000020000f28                . = ALIGN (0x8)

/DISCARD/
 libc.a(*)
 libm.a(*)
 libgcc.a(*)

.ARM.attributes
                0x0000000000000000       0x30
 *(.ARM.attributes)
 .ARM.attributes
                0x0000000000000000       0x1e c:/st/stm32cubeide_1.12.1/stm32cubeide/plugins/com.st.stm32cube.ide.mcu.externaltools.gnu-tools-for-stm32.10.3-2021.10.win32_1.0.200.202301161003/tools/bin/../lib/gcc/arm-none-eabi/10.3.1/thumb/v7e-m+fp/hard/crti.o
 .ARM.attributes
                0x000000000000001e       0x34 c:/st/stm32cubeide_1.12.1/stm32cubeide/plugins/com.st.stm32cube.ide.mcu.externaltools.gnu-tools-for-stm32.10.3-2021.10.win32_1.0.200.202301161003/tools/bin/../lib/gcc/arm-none-eabi/10.3.1/thumb/v7e-m+fp/hard/crtbegin.o
 .ARM.attributes
                0x0000000000000052       0x34 ./Core/Src/ESP8266.o
 .ARM.attributes
                0x0000000000000086       0x34 ./Core/Src/SDFlash.o
 .ARM.attributes
                0x00000000000000ba       0x34 ./Core/Src/fonts.o
 .ARM.attributes
                0x00000000000000ee       0x34 ./Core/Src/main.o
 .ARM.attributes
                0x0000000000000122       0x34 ./Core/Src/st7735.o
 .ARM.attributes
                0x0000000000000156       0x34 ./Core/Src/stm32f4xx_hal_msp.o
 .ARM.attributes
                0x000000000000018a       0x34 ./Core/Src/stm32f4xx_it.o
 .ARM.attributes
                0x00000000000001be       0x34 ./Core/Src/system_stm32f4xx.o
 .ARM.attributes
                0x00000000000001f2       0x21 ./Core/Startup/startup_stm32f401vctx.o
 .ARM.attributes
                0x0000000000000213       0x34 ./Drivers/STM32F4xx_HAL_Driver/Src/stm32f4xx_hal.o
 .ARM.attributes
                0x0000000000000247       0x34 ./Drivers/STM32F4xx_HAL_Driver/Src/stm32f4xx_hal_cortex.o
 .ARM.attributes
                0x000000000000027b       0x34 ./Drivers/STM32F4xx_HAL_Driver/Src/stm32f4xx_hal_gpio.o
 .ARM.attributes
                0x00000000000002af       0x34 ./Drivers/STM32F4xx_HAL_Driver/Src/stm32f4xx_hal_rcc.o
 .ARM.attributes
                0x00000000000002e3       0x34 ./Drivers/STM32F4xx_HAL_Driver/Src/stm32f4xx_hal_spi.o
 .ARM.attributes
                0x0000000000000317       0x34 ./FATFS/App/fatfs.o
 .ARM.attributes
                0x000000000000034b       0x34 ./FATFS/Target/user_diskio.o
 .ARM.attributes
                0x000000000000037f       0x34 ./Middlewares/Third_Party/FatFs/src/ff_gen_drv.o
 .ARM.attributes
                0x00000000000003b3       0x34 c:/st/stm32cubeide_1.12.1/stm32cubeide/plugins/com.st.stm32cube.ide.mcu.externaltools.gnu-tools-for-stm32.10.3-2021.10.win32_1.0.200.202301161003/tools/bin/../lib/gcc/arm-none-eabi/10.3.1/../../../../arm-none-eabi/lib/thumb/v7e-m+fp/hard\libc_nano.a(lib_a-init.o)
 .ARM.attributes
                0x00000000000003e7       0x34 c:/st/stm32cubeide_1.12.1/stm32cubeide/plugins/com.st.stm32cube.ide.mcu.externaltools.gnu-tools-for-stm32.10.3-2021.10.win32_1.0.200.202301161003/tools/bin/../lib/gcc/arm-none-eabi/10.3.1/../../../../arm-none-eabi/lib/thumb/v7e-m+fp/hard\libc_nano.a(lib_a-memset.o)
 .ARM.attributes
                0x000000000000041b       0x1e c:/st/stm32cubeide_1.12.1/stm32cubeide/plugins/com.st.stm32cube.ide.mcu.externaltools.gnu-tools-for-stm32.10.3-2021.10.win32_1.0.200.202301161003/tools/bin/../lib/gcc/arm-none-eabi/10.3.1/thumb/v7e-m+fp/hard\libgcc.a(_aeabi_uldivmod.o)
 .ARM.attributes
                0x0000000000000439       0x34 c:/st/stm32cubeide_1.12.1/stm32cubeide/plugins/com.st.stm32cube.ide.mcu.externaltools.gnu-tools-for-stm32.10.3-2021.10.win32_1.0.200.202301161003/tools/bin/../lib/gcc/arm-none-eabi/10.3.1/thumb/v7e-m+fp/hard\libgcc.a(_udivmoddi4.o)
 .ARM.attributes
                0x000000000000046d       0x1e c:/st/stm32cubeide_1.12.1/stm32cubeide/plugins/com.st.stm32cube.ide.mcu.externaltools.gnu-tools-for-stm32.10.3-2021.10.win32_1.0.200.202301161003/tools/bin/../lib/gcc/arm-none-eabi/10.3.1/thumb/v7e-m+fp/hard\libgcc.a(_dvmd_tls.o)
 .ARM.attributes
                0x000000000000048b       0x1e c:/st/stm32cubeide_1.12.1/stm32cubeide/plugins/com.st.stm32cube.ide.mcu.externaltools.gnu-tools-for-stm32.10.3-2021.10.win32_1.0.200.202301161003/tools/bin/../lib/gcc/arm-none-eabi/10.3.1/thumb/v7e-m+fp/hard/crtn.o
OUTPUT(display.elf elf32-littlearm)
LOAD linker stubs
LOAD c:/st/stm32cubeide_1.12.1/stm32cubeide/plugins/com.st.stm32cube.ide.mcu.externaltools.gnu-tools-for-stm32.10.3-2021.10.win32_1.0.200.202301161003/tools/bin/../lib/gcc/arm-none-eabi/10.3.1/../../../../arm-none-eabi/lib/thumb/v7e-m+fp/hard\libc.a
LOAD c:/st/stm32cubeide_1.12.1/stm32cubeide/plugins/com.st.stm32cube.ide.mcu.externaltools.gnu-tools-for-stm32.10.3-2021.10.win32_1.0.200.202301161003/tools/bin/../lib/gcc/arm-none-eabi/10.3.1/../../../../arm-none-eabi/lib/thumb/v7e-m+fp/hard\libm.a
LOAD c:/st/stm32cubeide_1.12.1/stm32cubeide/plugins/com.st.stm32cube.ide.mcu.externaltools.gnu-tools-for-stm32.10.3-2021.10.win32_1.0.200.202301161003/tools/bin/../lib/gcc/arm-none-eabi/10.3.1/thumb/v7e-m+fp/hard\libgcc.a

.debug_info     0x0000000000000000     0x9848
 .debug_info    0x0000000000000000      0x91f ./Core/Src/ESP8266.o
 .debug_info    0x000000000000091f      0x7cf ./Core/Src/SDFlash.o
 .debug_info    0x00000000000010ee      0x1dd ./Core/Src/fonts.o
 .debug_info    0x00000000000012cb      0xd58 ./Core/Src/main.o
 .debug_info    0x0000000000002023     0x1a65 ./Core/Src/st7735.o
 .debug_info    0x0000000000003a88      0x9e1 ./Core/Src/stm32f4xx_hal_msp.o
 .debug_info    0x0000000000004469      0x389 ./Core/Src/stm32f4xx_it.o
 .debug_info    0x00000000000047f2      0x54f ./Core/Src/system_stm32f4xx.o
 .debug_info    0x0000000000004d41       0x22 ./Core/Startup/startup_stm32f401vctx.o
 .debug_info    0x0000000000004d63      0x907 ./Drivers/STM32F4xx_HAL_Driver/Src/stm32f4xx_hal.o
 .debug_info    0x000000000000566a      0xd85 ./Drivers/STM32F4xx_HAL_Driver/Src/stm32f4xx_hal_cortex.o
 .debug_info    0x00000000000063ef      0x78e ./Drivers/STM32F4xx_HAL_Driver/Src/stm32f4xx_hal_gpio.o
 .debug_info    0x0000000000006b7d      0x98d ./Drivers/STM32F4xx_HAL_Driver/Src/stm32f4xx_hal_rcc.o
 .debug_info    0x000000000000750a     0x1750 ./Drivers/STM32F4xx_HAL_Driver/Src/stm32f4xx_hal_spi.o
 .debug_info    0x0000000000008c5a      0x4fa ./FATFS/App/fatfs.o
 .debug_info    0x0000000000009154      0x34b ./FATFS/Target/user_diskio.o
 .debug_info    0x000000000000949f      0x3a9 ./Middlewares/Third_Party/FatFs/src/ff_gen_drv.o

.debug_abbrev   0x0000000000000000     0x1d5f
 .debug_abbrev  0x0000000000000000      0x178 ./Core/Src/ESP8266.o
 .debug_abbrev  0x0000000000000178      0x1cb ./Core/Src/SDFlash.o
 .debug_abbrev  0x0000000000000343       0xbe ./Core/Src/fonts.o
 .debug_abbrev  0x0000000000000401      0x275 ./Core/Src/main.o
 .debug_abbrev  0x0000000000000676      0x2a2 ./Core/Src/st7735.o
 .debug_abbrev  0x0000000000000918      0x194 ./Core/Src/stm32f4xx_hal_msp.o
 .debug_abbrev  0x0000000000000aac      0x132 ./Core/Src/stm32f4xx_it.o
 .debug_abbrev  0x0000000000000bde      0x116 ./Core/Src/system_stm32f4xx.o
 .debug_abbrev  0x0000000000000cf4       0x12 ./Core/Startup/startup_stm32f401vctx.o
 .debug_abbrev  0x0000000000000d06      0x23e ./Drivers/STM32F4xx_HAL_Driver/Src/stm32f4xx_hal.o
 .debug_abbrev  0x0000000000000f44      0x316 ./Drivers/STM32F4xx_HAL_Driver/Src/stm32f4xx_hal_cortex.o
 .debug_abbrev  0x000000000000125a      0x1c4 ./Drivers/STM32F4xx_HAL_Driver/Src/stm32f4xx_hal_gpio.o
 .debug_abbrev  0x000000000000141e      0x2aa ./Drivers/STM32F4xx_HAL_Driver/Src/stm32f4xx_hal_rcc.o
 .debug_abbrev  0x00000000000016c8      0x26e ./Drivers/STM32F4xx_HAL_Driver/Src/stm32f4xx_hal_spi.o
 .debug_abbrev  0x0000000000001936      0x15a ./FATFS/App/fatfs.o
 .debug_abbrev  0x0000000000001a90      0x139 ./FATFS/Target/user_diskio.o
 .debug_abbrev  0x0000000000001bc9      0x196 ./Middlewares/Third_Party/FatFs/src/ff_gen_drv.o

.debug_aranges  0x0000000000000000      0x840
 .debug_aranges
                0x0000000000000000       0x30 ./Core/Src/ESP8266.o
 .debug_aranges
                0x0000000000000030       0x40 ./Core/Src/SDFlash.o
 .debug_aranges
                0x0000000000000070       0x18 ./Core/Src/fonts.o
 .debug_aranges
                0x0000000000000088       0x40 ./Core/Src/main.o
 .debug_aranges
                0x00000000000000c8      0x128 ./Core/Src/st7735.o
 .debug_aranges
                0x00000000000001f0       0x30 ./Core/Src/stm32f4xx_hal_msp.o
 .debug_aranges
                0x0000000000000220       0x70 ./Core/Src/stm32f4xx_it.o
 .debug_aranges
                0x0000000000000290       0x28 ./Core/Src/system_stm32f4xx.o
 .debug_aranges
                0x00000000000002b8       0x28 ./Core/Startup/startup_stm32f401vctx.o
 .debug_aranges
                0x00000000000002e0       0xf0 ./Drivers/STM32F4xx_HAL_Driver/Src/stm32f4xx_hal.o
 .debug_aranges
                0x00000000000003d0      0x118 ./Drivers/STM32F4xx_HAL_Driver/Src/stm32f4xx_hal_cortex.o
 .debug_aranges
                0x00000000000004e8       0x58 ./Drivers/STM32F4xx_HAL_Driver/Src/stm32f4xx_hal_gpio.o
 .debug_aranges
                0x0000000000000540       0x88 ./Drivers/STM32F4xx_HAL_Driver/Src/stm32f4xx_hal_rcc.o
 .debug_aranges
                0x00000000000005c8      0x1d0 ./Drivers/STM32F4xx_HAL_Driver/Src/stm32f4xx_hal_spi.o
 .debug_aranges
                0x0000000000000798       0x28 ./FATFS/App/fatfs.o
 .debug_aranges
                0x00000000000007c0       0x40 ./FATFS/Target/user_diskio.o
 .debug_aranges
                0x0000000000000800       0x40 ./Middlewares/Third_Party/FatFs/src/ff_gen_drv.o

.debug_ranges   0x0000000000000000      0x730
 .debug_ranges  0x0000000000000000       0x20 ./Core/Src/ESP8266.o
 .debug_ranges  0x0000000000000020       0x30 ./Core/Src/SDFlash.o
 .debug_ranges  0x0000000000000050       0x30 ./Core/Src/main.o
 .debug_ranges  0x0000000000000080      0x118 ./Core/Src/st7735.o
 .debug_ranges  0x0000000000000198       0x20 ./Core/Src/stm32f4xx_hal_msp.o
 .debug_ranges  0x00000000000001b8       0x60 ./Core/Src/stm32f4xx_it.o
 .debug_ranges  0x0000000000000218       0x18 ./Core/Src/system_stm32f4xx.o
 .debug_ranges  0x0000000000000230       0x20 ./Core/Startup/startup_stm32f401vctx.o
 .debug_ranges  0x0000000000000250       0xe0 ./Drivers/STM32F4xx_HAL_Driver/Src/stm32f4xx_hal.o
 .debug_ranges  0x0000000000000330      0x108 ./Drivers/STM32F4xx_HAL_Driver/Src/stm32f4xx_hal_cortex.o
 .debug_ranges  0x0000000000000438       0x48 ./Drivers/STM32F4xx_HAL_Driver/Src/stm32f4xx_hal_gpio.o
 .debug_ranges  0x0000000000000480       0x78 ./Drivers/STM32F4xx_HAL_Driver/Src/stm32f4xx_hal_rcc.o
 .debug_ranges  0x00000000000004f8      0x1c0 ./Drivers/STM32F4xx_HAL_Driver/Src/stm32f4xx_hal_spi.o
 .debug_ranges  0x00000000000006b8       0x18 ./FATFS/App/fatfs.o
 .debug_ranges  0x00000000000006d0       0x30 ./FATFS/Target/user_diskio.o
 .debug_ranges  0x0000000000000700       0x30 ./Middlewares/Third_Party/FatFs/src/ff_gen_drv.o

.debug_macro    0x0000000000000000    0x16686
 .debug_macro   0x0000000000000000      0x1cd ./Core/Src/ESP8266.o
 .debug_macro   0x00000000000001cd      0xa78 ./Core/Src/ESP8266.o
 .debug_macro   0x0000000000000c45      0x295 ./Core/Src/ESP8266.o
 .debug_macro   0x0000000000000eda       0x2e ./Core/Src/ESP8266.o
 .debug_macro   0x0000000000000f08       0x28 ./Core/Src/ESP8266.o
 .debug_macro   0x0000000000000f30       0x22 ./Core/Src/ESP8266.o
 .debug_macro   0x0000000000000f52       0x8e ./Core/Src/ESP8266.o
 .debug_macro   0x0000000000000fe0       0x51 ./Core/Src/ESP8266.o
 .debug_macro   0x0000000000001031      0x103 ./Core/Src/ESP8266.o
 .debug_macro   0x0000000000001134       0x6a ./Core/Src/ESP8266.o
 .debug_macro   0x000000000000119e      0x1df ./Core/Src/ESP8266.o
 .debug_macro   0x000000000000137d       0x1c ./Core/Src/ESP8266.o
 .debug_macro   0x0000000000001399       0x22 ./Core/Src/ESP8266.o
 .debug_macro   0x00000000000013bb       0xd9 ./Core/Src/ESP8266.o
 .debug_macro   0x0000000000001494     0x102d ./Core/Src/ESP8266.o
 .debug_macro   0x00000000000024c1      0x11f ./Core/Src/ESP8266.o
 .debug_macro   0x00000000000025e0     0xb850 ./Core/Src/ESP8266.o
 .debug_macro   0x000000000000de30       0x43 ./Core/Src/ESP8266.o
 .debug_macro   0x000000000000de73     0x3659 ./Core/Src/ESP8266.o
 .debug_macro   0x00000000000114cc      0x174 ./Core/Src/ESP8266.o
 .debug_macro   0x0000000000011640       0x5c ./Core/Src/ESP8266.o
 .debug_macro   0x000000000001169c      0x416 ./Core/Src/ESP8266.o
 .debug_macro   0x0000000000011ab2      0x9fe ./Core/Src/ESP8266.o
 .debug_macro   0x00000000000124b0      0x117 ./Core/Src/ESP8266.o
 .debug_macro   0x00000000000125c7       0xf8 ./Core/Src/ESP8266.o
 .debug_macro   0x00000000000126bf       0x82 ./Core/Src/ESP8266.o
 .debug_macro   0x0000000000012741      0x15f ./Core/Src/ESP8266.o
 .debug_macro   0x00000000000128a0      0x287 ./Core/Src/ESP8266.o
 .debug_macro   0x0000000000012b27       0x5f ./Core/Src/ESP8266.o
 .debug_macro   0x0000000000012b86      0x236 ./Core/Src/ESP8266.o
 .debug_macro   0x0000000000012dbc      0x132 ./Core/Src/ESP8266.o
 .debug_macro   0x0000000000012eee      0x23a ./Core/Src/ESP8266.o
 .debug_macro   0x0000000000013128       0x2e ./Core/Src/ESP8266.o
 .debug_macro   0x0000000000013156      0x11a ./Core/Src/ESP8266.o
 .debug_macro   0x0000000000013270       0x85 ./Core/Src/ESP8266.o
 .debug_macro   0x00000000000132f5       0x89 ./Core/Src/ESP8266.o
 .debug_macro   0x000000000001337e      0x225 ./Core/Src/ESP8266.o
 .debug_macro   0x00000000000135a3      0x126 ./Core/Src/ESP8266.o
 .debug_macro   0x00000000000136c9       0x10 ./Core/Src/ESP8266.o
 .debug_macro   0x00000000000136d9      0x1d2 ./Core/Src/SDFlash.o
 .debug_macro   0x00000000000138ab       0x6d ./Core/Src/fonts.o
 .debug_macro   0x0000000000013918      0x33e ./Core/Src/main.o
 .debug_macro   0x0000000000013c56       0x40 ./Core/Src/main.o
 .debug_macro   0x0000000000013c96       0x22 ./Core/Src/main.o
 .debug_macro   0x0000000000013cb8      0x1a3 ./Core/Src/main.o
 .debug_macro   0x0000000000013e5b       0x28 ./Core/Src/main.o
 .debug_macro   0x0000000000013e83       0xeb ./Core/Src/main.o
 .debug_macro   0x0000000000013f6e       0x1e ./Core/Src/main.o
 .debug_macro   0x0000000000013f8c       0x52 ./Core/Src/main.o
 .debug_macro   0x0000000000013fde       0x3c ./Core/Src/main.o
 .debug_macro   0x000000000001401a       0x34 ./Core/Src/main.o
 .debug_macro   0x000000000001404e       0x16 ./Core/Src/main.o
 .debug_macro   0x0000000000014064       0x35 ./Core/Src/main.o
 .debug_macro   0x0000000000014099       0x16 ./Core/Src/main.o
 .debug_macro   0x00000000000140af       0x43 ./Core/Src/main.o
 .debug_macro   0x00000000000140f2       0x34 ./Core/Src/main.o
 .debug_macro   0x0000000000014126       0x10 ./Core/Src/main.o
 .debug_macro   0x0000000000014136       0x58 ./Core/Src/main.o
 .debug_macro   0x000000000001418e       0x71 ./Core/Src/main.o
 .debug_macro   0x00000000000141ff       0x1c ./Core/Src/main.o
 .debug_macro   0x000000000001421b      0x12a ./Core/Src/main.o
 .debug_macro   0x0000000000014345      0x341 ./Core/Src/main.o
 .debug_macro   0x0000000000014686       0x16 ./Core/Src/main.o
 .debug_macro   0x000000000001469c       0x29 ./Core/Src/main.o
 .debug_macro   0x00000000000146c5       0x12 ./Core/Src/main.o
 .debug_macro   0x00000000000146d7       0xe2 ./Core/Src/main.o
 .debug_macro   0x00000000000147b9       0x8e ./Core/Src/main.o
 .debug_macro   0x0000000000014847      0x335 ./Core/Src/st7735.o
 .debug_macro   0x0000000000014b7c      0x21f ./Core/Src/stm32f4xx_hal_msp.o
 .debug_macro   0x0000000000014d9b      0x223 ./Core/Src/stm32f4xx_it.o
 .debug_macro   0x0000000000014fbe      0x1ba ./Core/Src/system_stm32f4xx.o
 .debug_macro   0x0000000000015178      0x21a ./Drivers/STM32F4xx_HAL_Driver/Src/stm32f4xx_hal.o
 .debug_macro   0x0000000000015392      0x1ba ./Drivers/STM32F4xx_HAL_Driver/Src/stm32f4xx_hal_cortex.o
 .debug_macro   0x000000000001554c      0x1c0 ./Drivers/STM32F4xx_HAL_Driver/Src/stm32f4xx_hal_gpio.o
 .debug_macro   0x000000000001570c      0x1de ./Drivers/STM32F4xx_HAL_Driver/Src/stm32f4xx_hal_rcc.o
 .debug_macro   0x00000000000158ea      0x1c9 ./Drivers/STM32F4xx_HAL_Driver/Src/stm32f4xx_hal_spi.o
 .debug_macro   0x0000000000015ab3      0x344 ./FATFS/App/fatfs.o
 .debug_macro   0x0000000000015df7       0xe5 ./FATFS/App/fatfs.o
 .debug_macro   0x0000000000015edc      0x361 ./FATFS/Target/user_diskio.o
 .debug_macro   0x000000000001623d       0x10 ./FATFS/Target/user_diskio.o
 .debug_macro   0x000000000001624d       0x20 ./FATFS/Target/user_diskio.o
 .debug_macro   0x000000000001626d       0x16 ./FATFS/Target/user_diskio.o
 .debug_macro   0x0000000000016283       0x7c ./FATFS/Target/user_diskio.o
 .debug_macro   0x00000000000162ff       0x56 ./FATFS/Target/user_diskio.o
 .debug_macro   0x0000000000016355      0x331 ./Middlewares/Third_Party/FatFs/src/ff_gen_drv.o

.debug_line     0x0000000000000000     0xac74
 .debug_line    0x0000000000000000      0x71a ./Core/Src/ESP8266.o
 .debug_line    0x000000000000071a      0x766 ./Core/Src/SDFlash.o
 .debug_line    0x0000000000000e80      0x387 ./Core/Src/fonts.o
 .debug_line    0x0000000000001207      0x9d9 ./Core/Src/main.o
 .debug_line    0x0000000000001be0     0x14ab ./Core/Src/st7735.o
 .debug_line    0x000000000000308b      0x73f ./Core/Src/stm32f4xx_hal_msp.o
 .debug_line    0x00000000000037ca      0x83d ./Core/Src/stm32f4xx_it.o
 .debug_line    0x0000000000004007      0x713 ./Core/Src/system_stm32f4xx.o
 .debug_line    0x000000000000471a       0x88 ./Core/Startup/startup_stm32f401vctx.o
 .debug_line    0x00000000000047a2      0x979 ./Drivers/STM32F4xx_HAL_Driver/Src/stm32f4xx_hal.o
 .debug_line    0x000000000000511b      0xc28 ./Drivers/STM32F4xx_HAL_Driver/Src/stm32f4xx_hal_cortex.o
 .debug_line    0x0000000000005d43      0xab5 ./Drivers/STM32F4xx_HAL_Driver/Src/stm32f4xx_hal_gpio.o
 .debug_line    0x00000000000067f8      0xcf5 ./Drivers/STM32F4xx_HAL_Driver/Src/stm32f4xx_hal_rcc.o
 .debug_line    0x00000000000074ed     0x1c01 ./Drivers/STM32F4xx_HAL_Driver/Src/stm32f4xx_hal_spi.o
 .debug_line    0x00000000000090ee      0x8de ./FATFS/App/fatfs.o
 .debug_line    0x00000000000099cc      0x93d ./FATFS/Target/user_diskio.o
 .debug_line    0x000000000000a309      0x96b ./Middlewares/Third_Party/FatFs/src/ff_gen_drv.o

.debug_str      0x0000000000000000    0x84204
 .debug_str     0x0000000000000000    0x7e044 ./Core/Src/ESP8266.o
                                      0x7e2fd (size before relaxing)
 .debug_str     0x000000000007e044       0xd3 ./Core/Src/SDFlash.o
                                      0x7e2fd (size before relaxing)
 .debug_str     0x000000000007e117       0xa3 ./Core/Src/fonts.o
                                       0x3c9c (size before relaxing)
 .debug_str     0x000000000007e1ba     0x420f ./Core/Src/main.o
                                      0x821b5 (size before relaxing)
 .debug_str     0x00000000000823c9      0x6c3 ./Core/Src/st7735.o
                                      0x82098 (size before relaxing)
 .debug_str     0x0000000000082a8c       0x63 ./Core/Src/stm32f4xx_hal_msp.o
                                      0x7eaab (size before relaxing)
 .debug_str     0x0000000000082aef       0xe7 ./Core/Src/stm32f4xx_it.o
                                      0x7e5eb (size before relaxing)
 .debug_str     0x0000000000082bd6       0x87 ./Core/Src/system_stm32f4xx.o
                                      0x7dedc (size before relaxing)
 .debug_str     0x0000000000082c5d       0x36 ./Core/Startup/startup_stm32f401vctx.o
                                         0x4f (size before relaxing)
 .debug_str     0x0000000000082c93      0x618 ./Drivers/STM32F4xx_HAL_Driver/Src/stm32f4xx_hal.o
                                      0x7e8fe (size before relaxing)
 .debug_str     0x00000000000832ab      0x310 ./Drivers/STM32F4xx_HAL_Driver/Src/stm32f4xx_hal_cortex.o
                                      0x7e61f (size before relaxing)
 .debug_str     0x00000000000835bb      0x121 ./Drivers/STM32F4xx_HAL_Driver/Src/stm32f4xx_hal_gpio.o
                                      0x7e057 (size before relaxing)
 .debug_str     0x00000000000836dc      0x233 ./Drivers/STM32F4xx_HAL_Driver/Src/stm32f4xx_hal_rcc.o
                                      0x7e310 (size before relaxing)
 .debug_str     0x000000000008390f      0x591 ./Drivers/STM32F4xx_HAL_Driver/Src/stm32f4xx_hal_spi.o
                                      0x7e78e (size before relaxing)
 .debug_str     0x0000000000083ea0      0x1c6 ./FATFS/App/fatfs.o
                                      0x81b0c (size before relaxing)
 .debug_str     0x0000000000084066       0xe4 ./FATFS/Target/user_diskio.o
                                      0x81a8a (size before relaxing)
 .debug_str     0x000000000008414a       0xba ./Middlewares/Third_Party/FatFs/src/ff_gen_drv.o
                                      0x81a6c (size before relaxing)

.comment        0x0000000000000000       0x50
 .comment       0x0000000000000000       0x50 ./Core/Src/ESP8266.o
                                         0x51 (size before relaxing)
 .comment       0x0000000000000050       0x51 ./Core/Src/SDFlash.o
 .comment       0x0000000000000050       0x51 ./Core/Src/fonts.o
 .comment       0x0000000000000050       0x51 ./Core/Src/main.o
 .comment       0x0000000000000050       0x51 ./Core/Src/st7735.o
 .comment       0x0000000000000050       0x51 ./Core/Src/stm32f4xx_hal_msp.o
 .comment       0x0000000000000050       0x51 ./Core/Src/stm32f4xx_it.o
 .comment       0x0000000000000050       0x51 ./Core/Src/system_stm32f4xx.o
 .comment       0x0000000000000050       0x51 ./Drivers/STM32F4xx_HAL_Driver/Src/stm32f4xx_hal.o
 .comment       0x0000000000000050       0x51 ./Drivers/STM32F4xx_HAL_Driver/Src/stm32f4xx_hal_cortex.o
 .comment       0x0000000000000050       0x51 ./Drivers/STM32F4xx_HAL_Driver/Src/stm32f4xx_hal_gpio.o
 .comment       0x0000000000000050       0x51 ./Drivers/STM32F4xx_HAL_Driver/Src/stm32f4xx_hal_rcc.o
 .comment       0x0000000000000050       0x51 ./Drivers/STM32F4xx_HAL_Driver/Src/stm32f4xx_hal_spi.o
 .comment       0x0000000000000050       0x51 ./FATFS/App/fatfs.o
 .comment       0x0000000000000050       0x51 ./FATFS/Target/user_diskio.o
 .comment       0x0000000000000050       0x51 ./Middlewares/Third_Party/FatFs/src/ff_gen_drv.o

.debug_frame    0x0000000000000000     0x1f20
 .debug_frame   0x0000000000000000       0x7c ./Core/Src/ESP8266.o
 .debug_frame   0x000000000000007c       0xc0 ./Core/Src/SDFlash.o
 .debug_frame   0x000000000000013c       0xac ./Core/Src/main.o
 .debug_frame   0x00000000000001e8      0x50c ./Core/Src/st7735.o
 .debug_frame   0x00000000000006f4       0x80 ./Core/Src/stm32f4xx_hal_msp.o
 .debug_frame   0x0000000000000774      0x14c ./Core/Src/stm32f4xx_it.o
 .debug_frame   0x00000000000008c0       0x58 ./Core/Src/system_stm32f4xx.o
 .debug_frame   0x0000000000000918      0x374 ./Drivers/STM32F4xx_HAL_Driver/Src/stm32f4xx_hal.o
 .debug_frame   0x0000000000000c8c      0x498 ./Drivers/STM32F4xx_HAL_Driver/Src/stm32f4xx_hal_cortex.o
 .debug_frame   0x0000000000001124      0x14c ./Drivers/STM32F4xx_HAL_Driver/Src/stm32f4xx_hal_gpio.o
 .debug_frame   0x0000000000001270      0x1f4 ./Drivers/STM32F4xx_HAL_Driver/Src/stm32f4xx_hal_rcc.o
 .debug_frame   0x0000000000001464      0x824 ./Drivers/STM32F4xx_HAL_Driver/Src/stm32f4xx_hal_spi.o
 .debug_frame   0x0000000000001c88       0x4c ./FATFS/App/fatfs.o
 .debug_frame   0x0000000000001cd4       0xd8 ./FATFS/Target/user_diskio.o
 .debug_frame   0x0000000000001dac       0xc8 ./Middlewares/Third_Party/FatFs/src/ff_gen_drv.o
 .debug_frame   0x0000000000001e74       0x2c c:/st/stm32cubeide_1.12.1/stm32cubeide/plugins/com.st.stm32cube.ide.mcu.externaltools.gnu-tools-for-stm32.10.3-2021.10.win32_1.0.200.202301161003/tools/bin/../lib/gcc/arm-none-eabi/10.3.1/../../../../arm-none-eabi/lib/thumb/v7e-m+fp/hard\libc_nano.a(lib_a-init.o)
 .debug_frame   0x0000000000001ea0       0x20 c:/st/stm32cubeide_1.12.1/stm32cubeide/plugins/com.st.stm32cube.ide.mcu.externaltools.gnu-tools-for-stm32.10.3-2021.10.win32_1.0.200.202301161003/tools/bin/../lib/gcc/arm-none-eabi/10.3.1/../../../../arm-none-eabi/lib/thumb/v7e-m+fp/hard\libc_nano.a(lib_a-memset.o)
 .debug_frame   0x0000000000001ec0       0x2c c:/st/stm32cubeide_1.12.1/stm32cubeide/plugins/com.st.stm32cube.ide.mcu.externaltools.gnu-tools-for-stm32.10.3-2021.10.win32_1.0.200.202301161003/tools/bin/../lib/gcc/arm-none-eabi/10.3.1/thumb/v7e-m+fp/hard\libgcc.a(_aeabi_uldivmod.o)
 .debug_frame   0x0000000000001eec       0x34 c:/st/stm32cubeide_1.12.1/stm32cubeide/plugins/com.st.stm32cube.ide.mcu.externaltools.gnu-tools-for-stm32.10.3-2021.10.win32_1.0.200.202301161003/tools/bin/../lib/gcc/arm-none-eabi/10.3.1/thumb/v7e-m+fp/hard\libgcc.a(_udivmoddi4.o)
