../Core/Src/st7735.c:124:13:ST7735_GPIO_Init	32	static
../Core/Src/st7735.c:142:13:ST7735_Reset	8	static
../Core/Src/st7735.c:149:13:ST7735_WriteCommand	16	static
../Core/Src/st7735.c:160:13:ST7735_WriteData	16	static
../Core/Src/st7735.c:171:13:ST7735_ExecuteCommandList	24	static
../Core/Src/st7735.c:201:13:ST7735_SetAddressWindow	32	static
../Core/Src/st7735.c:219:13:ST7735_WriteChar	48	static
../Core/Src/st7735.c:245:6:ST7735_Init	8	static
../Core/Src/st7735.c:256:6:ST7735_DrawPixel	24	static
../Core/Src/st7735.c:271:6:ST7735_DrawString	32	static
../Core/Src/st7735.c:308:6:ST7735_FillRectangle	32	static
../Core/Src/st7735.c:336:6:ST7735_FillScreen	24	static
../Core/Src/st7735.c:341:6:ST7735_DrawImage	40	static
../Core/Src/st7735.c:369:6:ST7735_InvertColors	16	static
../Core/Src/st7735.c:376:6:ST7735_Backlight_On	8	static
../Core/Src/st7735.c:381:6:ST7735_Backlight_Off	8	static
../Core/Src/st7735.c:390:6:ST7735_DrawCircle	32	static
../Core/Src/st7735.c:430:6:ST7735_DrawCircleHelper	32	static
../Core/Src/st7735.c:476:6:ST7735_FillCircle	32	static
../Core/Src/st7735.c:487:6:ST7735_FillCircleHelper	32	static
../Core/Src/st7735.c:524:6:ST7735_DrawEllipse	48	static
../Core/Src/st7735.c:568:6:ST7735_FillEllipse	48	static
../Core/Src/st7735.c:612:6:ST7735_DrawRect	24	static
../Core/Src/st7735.c:625:6:ST7735_DrawRoundRect	32	static
../Core/Src/st7735.c:644:6:ST7735_FillRoundRect	32	static
../Core/Src/st7735.c:659:6:ST7735_DrawTriangle	32	static
../Core/Src/st7735.c:671:6:ST7735_FillTriangle	64	static
../Core/Src/st7735.c:754:6:ST7735_DrawLine	48	static
../Core/Src/st7735.c:808:6:ST7735_DrawFastVLine	32	static
../Core/Src/st7735.c:821:6:ST7735_DrawFastHLine	32	static
../Core/Src/st7735.c:834:6:ST7735_SetRotation	24	static
../Core/Src/st7735.c:888:9:ST7735_GetRotation	4	static
../Core/Src/st7735.c:893:9:ST7735_GetHeight	4	static
../Core/Src/st7735.c:898:9:ST7735_GetWidth	4	static
