../Core/Src/st7735.c:124:13:ST7735_GPIO_Init	32	static
../Core/Src/st7735.c:142:13:ST7735_Reset	8	static
../Core/Src/st7735.c:149:13:ST7735_WriteCommand	16	static
../Core/Src/st7735.c:160:13:ST7735_WriteData	16	static
../Core/Src/st7735.c:171:13:ST7735_ExecuteCommandList	24	static
../Core/Src/st7735.c:201:13:ST7735_SetAddressWindow	32	static
../Core/Src/st7735.c:219:13:ST7735_WriteChar	48	static
../Core/Src/st7735.c:257:6:ST7735_Init	8	static
../Core/Src/st7735.c:273:6:ST7735_DrawPixel	24	static
../Core/Src/st7735.c:288:6:ST7735_DrawString	32	static
../Core/Src/st7735.c:324:6:ST7735_FillRectangle	32	static
../Core/Src/st7735.c:352:6:ST7735_FillScreen	24	static
../Core/Src/st7735.c:357:6:ST7735_DrawImage	40	static
../Core/Src/st7735.c:385:6:ST7735_InvertColors	16	static
../Core/Src/st7735.c:392:6:ST7735_Backlight_On	8	static
../Core/Src/st7735.c:397:6:ST7735_Backlight_Off	8	static
../Core/Src/st7735.c:406:6:ST7735_DrawCircle	32	static
../Core/Src/st7735.c:446:6:ST7735_DrawCircleHelper	32	static
../Core/Src/st7735.c:492:6:ST7735_FillCircle	32	static
../Core/Src/st7735.c:503:6:ST7735_FillCircleHelper	32	static
../Core/Src/st7735.c:540:6:ST7735_DrawEllipse	48	static
../Core/Src/st7735.c:584:6:ST7735_FillEllipse	48	static
../Core/Src/st7735.c:628:6:ST7735_DrawRect	24	static
../Core/Src/st7735.c:641:6:ST7735_DrawRoundRect	32	static
../Core/Src/st7735.c:660:6:ST7735_FillRoundRect	32	static
../Core/Src/st7735.c:675:6:ST7735_DrawTriangle	32	static
../Core/Src/st7735.c:687:6:ST7735_FillTriangle	64	static
../Core/Src/st7735.c:770:6:ST7735_DrawLine	48	static
../Core/Src/st7735.c:824:6:ST7735_DrawFastVLine	32	static
../Core/Src/st7735.c:837:6:ST7735_DrawFastHLine	32	static
../Core/Src/st7735.c:850:6:ST7735_SetRotation	24	static
../Core/Src/st7735.c:904:9:ST7735_GetRotation	4	static
../Core/Src/st7735.c:909:9:ST7735_GetHeight	4	static
../Core/Src/st7735.c:914:9:ST7735_GetWidth	4	static
